#
# There is insufficient memory for the Java Runtime Environment to continue.
# Native memory allocation (malloc) failed to allocate 53184 bytes. Error detail: Chunk::new
# Possible reasons:
#   The system is out of physical RAM or swap space
#   This process is running with CompressedOops enabled, and the Java Heap may be blocking the growth of the native heap
# Possible solutions:
#   Reduce memory load on the system
#   Increase physical memory or swap space
#   Check if swap backing store is full
#   Decrease Java heap size (-Xmx/-Xms)
#   Decrease number of Java threads
#   Decrease Java thread stack sizes (-Xss)
#   Set larger code cache with -XX:ReservedCodeCacheSize=
#   JVM is running with Unscaled Compressed Oops mode in which the Java heap is
#     placed in the first 4GB address space. The Java Heap base address is the
#     maximum limit for the native heap growth. Please use -XX:HeapBaseMinAddress
#     to set the Java Heap base and to place the Java Heap above 4GB virtual address.
# This output file may be truncated or incomplete.
#
#  Out of Memory Error (arena.cpp:168), pid=14672, tid=37320
#
# JRE version: OpenJDK Runtime Environment Temurin-21.0.11+10 (21.0.11+10) (build 21.0.11+10-LTS)
# Java VM: OpenJDK 64-Bit Server VM Temurin-21.0.11+10 (21.0.11+10-LTS, mixed mode, sharing, tiered, compressed oops, compressed class ptrs, parallel gc, windows-amd64)
# No core dump will be written. Minidumps are not enabled by default on client versions of Windows
#

---------------  S U M M A R Y ------------

Command Line: --add-modules=ALL-SYSTEM --add-opens=java.base/java.util=ALL-UNNAMED --add-opens=java.base/java.lang=ALL-UNNAMED --add-opens=java.base/sun.nio.fs=ALL-UNNAMED -Declipse.application=org.eclipse.jdt.ls.core.id1 -Dosgi.bundles.defaultStartLevel=4 -Declipse.product=org.eclipse.jdt.ls.core.product -Djava.import.generatesMetadataFilesAtProjectRoot=false -DDetectVMInstallationsJob.disabled=true -Dfile.encoding=utf8 -XX:+UseParallelGC -XX:GCTimeRatio=4 -XX:AdaptiveSizePolicyWeight=90 -Dsun.zip.disableMemoryMapping=true -Xmx2G -Xms100m -Xlog:disable -javaagent:c:\Users\mdsrk\.vscode\extensions\redhat.java-1.55.0-win32-x64\lombok\lombok-1.18.39-4050.jar -XX:+HeapDumpOnOutOfMemoryError -XX:HeapDumpPath=c:\Users\mdsrk\AppData\Roaming\Code\User\workspaceStorage\617f3241d25a36beffd6a6b6e2483d58\redhat.java -Daether.dependencyCollector.impl=bf c:\Users\mdsrk\.vscode\extensions\redhat.java-1.55.0-win32-x64\server\plugins\org.eclipse.equinox.launcher_1.7.200.v20260619-2039.jar -configuration c:\Users\mdsrk\AppData\Roaming\Code\User\globalStorage\redhat.java\1.55.0\config_win -data c:\Users\mdsrk\AppData\Roaming\Code\User\workspaceStorage\617f3241d25a36beffd6a6b6e2483d58\redhat.java\jdt_ws --pipe=\\.\pipe\lsp-25d79d252378a70c7399ec50c424152b-sock

Host: AMD Ryzen 5 5500U with Radeon Graphics         , 12 cores, 13G,  Windows 11 , 64 bit Build 26100 (10.0.26100.8737)
Time: Sat Jul 11 17:53:55 2026 India Standard Time elapsed time: 12.616449 seconds (0d 0h 0m 12s)

---------------  T H R E A D  ---------------

Current thread (0x0000016906023b70):  JavaThread "C1 CompilerThread0" daemon [_thread_in_native, id=37320, stack(0x0000001f19100000,0x0000001f19200000) (1024K)]


Current CompileTask:
C1:12616 1786       3       java.net.URLStreamHandler::parseURL (1124 bytes)

Stack: [0x0000001f19100000,0x0000001f19200000]
Native frames: (J=compiled Java code, j=interpreted, Vv=VM code, C=native code)
V  [jvm.dll+0x6d7e19]
V  [jvm.dll+0x8b5096]
V  [jvm.dll+0x8b764e]
V  [jvm.dll+0x8b7d33]
V  [jvm.dll+0x284596]
V  [jvm.dll+0xc685d]
V  [jvm.dll+0xc6da1]
V  [jvm.dll+0x19d97a]
V  [jvm.dll+0x19c89e]
V  [jvm.dll+0x157515]
V  [jvm.dll+0x156db7]
V  [jvm.dll+0x156fe4]
V  [jvm.dll+0x1563fc]
V  [jvm.dll+0x15818d]
V  [jvm.dll+0x25baad]
V  [jvm.dll+0x25a03a]
V  [jvm.dll+0x3f868e]
V  [jvm.dll+0x85fb0d]
V  [jvm.dll+0x6d664d]
C  [ucrtbase.dll+0x2cd30]
C  [KERNEL32.DLL+0x2e957]
C  [ntdll.dll+0xaad6c]


---------------  P R O C E S S  ---------------

Threads class SMR info:
_java_thread_list=0x00000169065fa3f0, length=12, elements={
0x00000168a5ea7c00, 0x00000168a83bd580, 0x00000169060043c0, 0x00000169060090a0,
0x0000016906009d00, 0x000001690600ddd0, 0x0000016906013c40, 0x000001690601c630,
0x0000016906023b70, 0x000001690624eff0, 0x000001690624fd10, 0x000001690624f680
}

Java Threads: ( => current thread )
  0x00000168a5ea7c00 JavaThread "main"                              [_thread_in_native, id=13116, stack(0x0000001f18600000,0x0000001f18700000) (1024K)]
  0x00000168a83bd580 JavaThread "Reference Handler"          daemon [_thread_blocked, id=36512, stack(0x0000001f18a00000,0x0000001f18b00000) (1024K)]
  0x00000169060043c0 JavaThread "Finalizer"                  daemon [_thread_blocked, id=20808, stack(0x0000001f18b00000,0x0000001f18c00000) (1024K)]
  0x00000169060090a0 JavaThread "Signal Dispatcher"          daemon [_thread_blocked, id=26268, stack(0x0000001f18c00000,0x0000001f18d00000) (1024K)]
  0x0000016906009d00 JavaThread "Attach Listener"            daemon [_thread_blocked, id=37204, stack(0x0000001f18d00000,0x0000001f18e00000) (1024K)]
  0x000001690600ddd0 JavaThread "Service Thread"             daemon [_thread_blocked, id=19672, stack(0x0000001f18e00000,0x0000001f18f00000) (1024K)]
  0x0000016906013c40 JavaThread "Monitor Deflation Thread"   daemon [_thread_blocked, id=33808, stack(0x0000001f18f00000,0x0000001f19000000) (1024K)]
  0x000001690601c630 JavaThread "C2 CompilerThread0"         daemon [_thread_blocked, id=29524, stack(0x0000001f19000000,0x0000001f19100000) (1024K)]
=>0x0000016906023b70 JavaThread "C1 CompilerThread0"         daemon [_thread_in_native, id=37320, stack(0x0000001f19100000,0x0000001f19200000) (1024K)]
  0x000001690624eff0 JavaThread "Common-Cleaner"             daemon [_thread_blocked, id=12408, stack(0x0000001f19200000,0x0000001f19300000) (1024K)]
  0x000001690624fd10 JavaThread "Notification Thread"        daemon [_thread_blocked, id=24172, stack(0x0000001f19300000,0x0000001f19400000) (1024K)]
  0x000001690624f680 JavaThread "Active Thread: Equinox Container: 4ab1c0a8-931d-4c0a-9ebc-4756982e1f95"        [_thread_blocked, id=14328, stack(0x0000001f19a00000,0x0000001f19b00000) (1024K)]
Total: 12

Other Threads:
  0x00000168a83a4800 VMThread "VM Thread"                           [id=21228, stack(0x0000001f18900000,0x0000001f18a00000) (1024K)]
  0x00000168a8476ed0 WatcherThread "VM Periodic Task Thread"        [id=13176, stack(0x0000001f18800000,0x0000001f18900000) (1024K)]
  0x00000168a8429b20 WorkerThread "GC Thread#0"                     [id=24276, stack(0x0000001f18700000,0x0000001f18800000) (1024K)]
  0x00000169063af150 WorkerThread "GC Thread#1"                     [id=5284, stack(0x0000001f19400000,0x0000001f19500000) (1024K)]
  0x00000169063b0070 WorkerThread "GC Thread#2"                     [id=22408, stack(0x0000001f19500000,0x0000001f19600000) (1024K)]
  0x0000016906961610 WorkerThread "GC Thread#3"                     [id=23484, stack(0x0000001f19600000,0x0000001f19700000) (1024K)]
  0x00000169069619c0 WorkerThread "GC Thread#4"                     [id=28892, stack(0x0000001f19700000,0x0000001f19800000) (1024K)]
  0x000001690659f260 WorkerThread "GC Thread#5"                     [id=11084, stack(0x0000001f19800000,0x0000001f19900000) (1024K)]
  0x000001690659f610 WorkerThread "GC Thread#6"                     [id=13704, stack(0x0000001f19900000,0x0000001f19a00000) (1024K)]
Total: 9

Threads with active compile tasks:
C1 CompilerThread0  13659 1786       3       java.net.URLStreamHandler::parseURL (1124 bytes)
Total: 1

VM state: not at safepoint (normal execution)

VM Mutex/Monitor currently owned by a thread: None

Heap address: 0x0000000080000000, size: 2048 MB, Compressed Oops mode: 32-bit

CDS archive(s) mapped at: [0x00000168bf000000-0x00000168bfba0000-0x00000168bfba0000), size 12189696, SharedBaseAddress: 0x00000168bf000000, ArchiveRelocationMode: 1.
Compressed class space mapped at: 0x00000168c0000000-0x0000016900000000, reserved size: 1073741824
Narrow klass base: 0x00000168bf000000, Narrow klass shift: 0, Narrow klass range: 0x100000000

GC Precious Log:
 CardTable entry size: 512
 CPUs: 12 total, 12 available
 Memory: 14181M
 Large Page Support: Disabled
 NUMA Support: Disabled
 Compressed Oops: Enabled (32-bit)
 Alignments: Space 512K, Generation 512K, Heap 2M
 Heap Min Capacity: 100M
 Heap Initial Capacity: 100M
 Heap Max Capacity: 2G
 Pre-touch: Disabled
 Parallel Workers: 10

Heap:
 PSYoungGen      total 29696K, used 28798K [0x00000000d5580000, 0x00000000d7680000, 0x0000000100000000)
  eden space 25600K, 99% used [0x00000000d5580000,0x00000000d6e6dba8,0x00000000d6e80000)
  from space 4096K, 79% used [0x00000000d6e80000,0x00000000d71b1e98,0x00000000d7280000)
  to   space 4096K, 0% used [0x00000000d7280000,0x00000000d7280000,0x00000000d7680000)
 ParOldGen       total 68608K, used 16K [0x0000000080000000, 0x0000000084300000, 0x00000000d5580000)
  object space 68608K, 0% used [0x0000000080000000,0x0000000080004000,0x0000000084300000)
 Metaspace       used 7998K, committed 8256K, reserved 1114112K
  class space    used 831K, committed 960K, reserved 1048576K

Card table byte_map: [0x00000168a7db0000,0x00000168a81c0000] _byte_map_base: 0x00000168a79b0000

Marking Bits: (ParMarkBitMap*) 0x00007ffdaf884460
 Begin Bits: [0x00000168ba8c0000, 0x00000168bc8c0000)
 End Bits:   [0x00000168bc8c0000, 0x00000168be8c0000)

Polling page: 0x00000168a61e0000

Metaspace:

Usage:
  Non-class:      7.00 MB used.
      Class:    831.76 KB used.
       Both:      7.81 MB used.

Virtual space:
  Non-class space:       64.00 MB reserved,       7.12 MB ( 11%) committed,  1 nodes.
      Class space:        1.00 GB reserved,     960.00 KB ( <1%) committed,  1 nodes.
             Both:        1.06 GB reserved,       8.06 MB ( <1%) committed. 

Chunk freelists:
   Non-Class:  8.83 MB
       Class:  14.91 MB
        Both:  23.73 MB

MaxMetaspaceSize: unlimited
CompressedClassSpaceSize: 1.00 GB
Initial GC threshold: 21.00 MB
Current GC threshold: 21.00 MB
CDS: on
 - commit_granule_bytes: 65536.
 - commit_granule_words: 8192.
 - virtual_space_node_default_size: 8388608.
 - enlarge_chunks_in_place: 1.
 - use_allocation_guard: 0.


Internal statistics:

num_allocs_failed_limit: 0.
num_arena_births: 228.
num_arena_deaths: 0.
num_vsnodes_births: 2.
num_vsnodes_deaths: 0.
num_space_committed: 129.
num_space_uncommitted: 0.
num_chunks_returned_to_freelist: 0.
num_chunks_taken_from_freelist: 422.
num_chunk_merges: 0.
num_chunk_splits: 271.
num_chunks_enlarged: 177.
num_inconsistent_stats: 0.

CodeHeap 'non-profiled nmethods': size=120000Kb used=678Kb max_used=678Kb free=119322Kb
 bounds [0x00000168b30e0000, 0x00000168b3350000, 0x00000168ba610000]
CodeHeap 'profiled nmethods': size=120000Kb used=3205Kb max_used=3205Kb free=116794Kb
 bounds [0x00000168ab610000, 0x00000168ab940000, 0x00000168b2b40000]
CodeHeap 'non-nmethods': size=5760Kb used=1215Kb max_used=1236Kb free=4544Kb
 bounds [0x00000168b2b40000, 0x00000168b2db0000, 0x00000168b30e0000]
CodeCache: size=245760Kb, used=5098Kb, max_used=5119Kb, free=240660Kb
 total_blobs=2267, nmethods=1785, adapters=389, full_count=0
Compilation: enabled, stopped_count=0, restarted_count=0

Compilation events (20 events):
Event: 7.035 Thread 0x0000016906023b70 1775       3       java.io.File::<init> (111 bytes)
Event: 7.036 Thread 0x0000016906023b70 nmethod 1775 0x00000168ab92c790 code [0x00000168ab92ca40, 0x00000168ab92d4c0]
Event: 7.067 Thread 0x0000016906023b70 1776       3       java.net.URLStreamHandler::<init> (5 bytes)
Event: 7.067 Thread 0x0000016906023b70 nmethod 1776 0x00000168ab92d910 code [0x00000168ab92dac0, 0x00000168ab92dc28]
Event: 7.067 Thread 0x0000016906023b70 1777       3       org.eclipse.osgi.internal.framework.EquinoxConfiguration::getProperty (9 bytes)
Event: 7.068 Thread 0x0000016906023b70 nmethod 1777 0x00000168ab92dd10 code [0x00000168ab92df60, 0x00000168ab92e6f8]
Event: 7.068 Thread 0x0000016906023b70 1778       3       org.eclipse.osgi.internal.framework.EquinoxConfiguration$ConfigValues::getProperty (31 bytes)
Event: 7.069 Thread 0x0000016906023b70 nmethod 1778 0x00000168ab92e990 code [0x00000168ab92ec20, 0x00000168ab92f698]
Event: 7.084 Thread 0x0000016906023b70 1779       3       org.eclipse.osgi.internal.framework.BundleContextImpl::getProperty (25 bytes)
Event: 8.086 Thread 0x0000016906023b70 nmethod 1779 0x00000168ab92fa10 code [0x00000168ab92fc20, 0x00000168ab9301b8]
Event: 8.086 Thread 0x0000016906023b70 1782       3       org.eclipse.osgi.storage.url.reference.Handler::<init> (35 bytes)
Event: 8.086 Thread 0x0000016906023b70 nmethod 1782 0x00000168ab930410 code [0x00000168ab930620, 0x00000168ab930b68]
Event: 8.204 Thread 0x000001690601c630 1783       4       java.lang.CharacterDataLatin1::equalsIgnoreCase (63 bytes)
Event: 8.205 Thread 0x000001690601c630 nmethod 1783 0x00000168b3187e90 code [0x00000168b3188020, 0x00000168b31880c8]
Event: 9.470 Thread 0x0000016906023b70 1784       3       java.net.URL::<init> (11 bytes)
Event: 9.470 Thread 0x0000016906023b70 nmethod 1784 0x00000168ab930d90 code [0x00000168ab930f40, 0x00000168ab931088]
Event: 9.570 Thread 0x0000016906023b70 1785       3       sun.net.www.protocol.file.Handler::parseURL (18 bytes)
Event: 9.571 Thread 0x0000016906023b70 nmethod 1785 0x00000168ab931110 code [0x00000168ab9312c0, 0x00000168ab931480]
Event: 9.571 Thread 0x0000016906023b70 1786       3       java.net.URLStreamHandler::parseURL (1124 bytes)
Event: 9.755 Thread 0x000001690601c630 1790       4       java.lang.String::<init> (74 bytes)

GC Heap History (2 events):
Event: 1.492 GC heap before
{Heap before GC invocations=1 (full 0):
 PSYoungGen      total 29696K, used 25600K [0x00000000d5580000, 0x00000000d7680000, 0x0000000100000000)
  eden space 25600K, 100% used [0x00000000d5580000,0x00000000d6e80000,0x00000000d6e80000)
  from space 4096K, 0% used [0x00000000d7280000,0x00000000d7280000,0x00000000d7680000)
  to   space 4096K, 0% used [0x00000000d6e80000,0x00000000d6e80000,0x00000000d7280000)
 ParOldGen       total 68608K, used 0K [0x0000000080000000, 0x0000000084300000, 0x00000000d5580000)
  object space 68608K, 0% used [0x0000000080000000,0x0000000080000000,0x0000000084300000)
 Metaspace       used 4388K, committed 4608K, reserved 1114112K
  class space    used 476K, committed 576K, reserved 1048576K
}
Event: 1.503 GC heap after
{Heap after GC invocations=1 (full 0):
 PSYoungGen      total 29696K, used 3271K [0x00000000d5580000, 0x00000000d7680000, 0x0000000100000000)
  eden space 25600K, 0% used [0x00000000d5580000,0x00000000d5580000,0x00000000d6e80000)
  from space 4096K, 79% used [0x00000000d6e80000,0x00000000d71b1e98,0x00000000d7280000)
  to   space 4096K, 0% used [0x00000000d7280000,0x00000000d7280000,0x00000000d7680000)
 ParOldGen       total 68608K, used 16K [0x0000000080000000, 0x0000000084300000, 0x00000000d5580000)
  object space 68608K, 0% used [0x0000000080000000,0x0000000080004000,0x0000000084300000)
 Metaspace       used 4388K, committed 4608K, reserved 1114112K
  class space    used 476K, committed 576K, reserved 1048576K
}

Dll operation events (8 events):
Event: 0.073 Loaded shared library c:\Users\mdsrk\.vscode\extensions\redhat.java-1.55.0-win32-x64\jre\21.0.11-win32-x86_64\bin\java.dll
Event: 0.215 Loaded shared library c:\Users\mdsrk\.vscode\extensions\redhat.java-1.55.0-win32-x64\jre\21.0.11-win32-x86_64\bin\zip.dll
Event: 0.248 Loaded shared library C:\Users\mdsrk\.vscode\extensions\redhat.java-1.55.0-win32-x64\jre\21.0.11-win32-x86_64\bin\instrument.dll
Event: 0.258 Loaded shared library C:\Users\mdsrk\.vscode\extensions\redhat.java-1.55.0-win32-x64\jre\21.0.11-win32-x86_64\bin\net.dll
Event: 0.262 Loaded shared library C:\Users\mdsrk\.vscode\extensions\redhat.java-1.55.0-win32-x64\jre\21.0.11-win32-x86_64\bin\nio.dll
Event: 0.268 Loaded shared library C:\Users\mdsrk\.vscode\extensions\redhat.java-1.55.0-win32-x64\jre\21.0.11-win32-x86_64\bin\zip.dll
Event: 0.299 Loaded shared library C:\Users\mdsrk\.vscode\extensions\redhat.java-1.55.0-win32-x64\jre\21.0.11-win32-x86_64\bin\jimage.dll
Event: 0.437 Loaded shared library c:\Users\mdsrk\.vscode\extensions\redhat.java-1.55.0-win32-x64\jre\21.0.11-win32-x86_64\bin\verify.dll

Deoptimization events (20 events):
Event: 2.513 Thread 0x00000168a5ea7c00 Uncommon trap: trap_request=0xffffffde fr.pc=0x00000168b30f0238 relative=0x0000000000000478
Event: 2.513 Thread 0x00000168a5ea7c00 Uncommon trap: reason=class_check action=maybe_recompile pc=0x00000168b30f0238 method=java.util.HashMap.putVal(ILjava/lang/Object;Ljava/lang/Object;ZZ)Ljava/lang/Object; @ 253 c2
Event: 2.513 Thread 0x00000168a5ea7c00 DEOPT PACKING pc=0x00000168b30f0238 sp=0x0000001f186fe280
Event: 2.513 Thread 0x00000168a5ea7c00 DEOPT UNPACKING pc=0x00000168b2b93aa2 sp=0x0000001f186fe210 mode 2
Event: 2.515 Thread 0x00000168a5ea7c00 Uncommon trap: trap_request=0xffffffde fr.pc=0x00000168b30f0238 relative=0x0000000000000478
Event: 2.515 Thread 0x00000168a5ea7c00 Uncommon trap: reason=class_check action=maybe_recompile pc=0x00000168b30f0238 method=java.util.HashMap.putVal(ILjava/lang/Object;Ljava/lang/Object;ZZ)Ljava/lang/Object; @ 253 c2
Event: 2.515 Thread 0x00000168a5ea7c00 DEOPT PACKING pc=0x00000168b30f0238 sp=0x0000001f186fe180
Event: 2.515 Thread 0x00000168a5ea7c00 DEOPT UNPACKING pc=0x00000168b2b93aa2 sp=0x0000001f186fe110 mode 2
Event: 2.558 Thread 0x00000168a5ea7c00 Uncommon trap: trap_request=0xffffffde fr.pc=0x00000168b30f0238 relative=0x0000000000000478
Event: 2.558 Thread 0x00000168a5ea7c00 Uncommon trap: reason=class_check action=maybe_recompile pc=0x00000168b30f0238 method=java.util.HashMap.putVal(ILjava/lang/Object;Ljava/lang/Object;ZZ)Ljava/lang/Object; @ 253 c2
Event: 2.558 Thread 0x00000168a5ea7c00 DEOPT PACKING pc=0x00000168b30f0238 sp=0x0000001f186fe1f0
Event: 2.558 Thread 0x00000168a5ea7c00 DEOPT UNPACKING pc=0x00000168b2b93aa2 sp=0x0000001f186fe180 mode 2
Event: 2.647 Thread 0x00000168a5ea7c00 DEOPT PACKING pc=0x00000168ab788e08 sp=0x0000001f186fc4d0
Event: 2.647 Thread 0x00000168a5ea7c00 DEOPT UNPACKING pc=0x00000168b2b94242 sp=0x0000001f186fb950 mode 0
Event: 2.648 Thread 0x00000168a5ea7c00 DEOPT PACKING pc=0x00000168ab788e08 sp=0x0000001f186fc7e0
Event: 2.648 Thread 0x00000168a5ea7c00 DEOPT UNPACKING pc=0x00000168b2b94242 sp=0x0000001f186fbc60 mode 0
Event: 2.652 Thread 0x00000168a5ea7c00 DEOPT PACKING pc=0x00000168ab788e08 sp=0x0000001f186fc730
Event: 2.652 Thread 0x00000168a5ea7c00 DEOPT UNPACKING pc=0x00000168b2b94242 sp=0x0000001f186fbbb0 mode 0
Event: 2.653 Thread 0x00000168a5ea7c00 DEOPT PACKING pc=0x00000168ab788e08 sp=0x0000001f186fca30
Event: 2.653 Thread 0x00000168a5ea7c00 DEOPT UNPACKING pc=0x00000168b2b94242 sp=0x0000001f186fbeb0 mode 0

Classes loaded (20 events):
Event: 2.633 Loading class java/security/KeyStoreException
Event: 2.633 Loading class java/security/KeyStoreException done
Event: 2.703 Loading class java/util/LinkedList$Node
Event: 2.704 Loading class java/util/LinkedList$Node done
Event: 2.704 Loading class java/util/LinkedList$ListItr
Event: 2.705 Loading class java/util/LinkedList$ListItr done
Event: 2.706 Loading class java/lang/Thread$Builder$OfPlatform
Event: 2.707 Loading class java/lang/Thread$Builder
Event: 2.707 Loading class java/lang/Thread$Builder done
Event: 2.707 Loading class java/lang/Thread$Builder$OfPlatform done
Event: 2.707 Loading class java/lang/Thread$Builder$OfVirtual
Event: 2.707 Loading class java/lang/Thread$Builder$OfVirtual done
Event: 2.722 Loading class sun/nio/fs/WindowsChannelFactory
Event: 2.723 Loading class sun/nio/fs/WindowsChannelFactory done
Event: 2.723 Loading class sun/nio/fs/WindowsChannelFactory$1
Event: 2.723 Loading class sun/nio/fs/WindowsChannelFactory$1 done
Event: 2.723 Loading class sun/nio/fs/WindowsChannelFactory$Flags
Event: 2.723 Loading class sun/nio/fs/WindowsChannelFactory$Flags done
Event: 2.724 Loading class sun/nio/ch/FileChannelImpl$Closer
Event: 2.724 Loading class sun/nio/ch/FileChannelImpl$Closer done

Classes unloaded (0 events):
No events

Classes redefined (0 events):
No events

Internal exceptions (20 events):
Event: 1.125 Thread 0x00000168a5ea7c00 Exception <a 'java/lang/NoSuchMethodError'{0x00000000d65fbc58}: 'java.lang.Object java.lang.invoke.DirectMethodHandle$Holder.invokeInterface(java.lang.Object, java.lang.Object, int)'> (0x00000000d65fbc58) 
thrown [s\src\hotspot\share\interpreter\linkResolver.cpp, line 773]
Event: 1.390 Thread 0x00000168a5ea7c00 Exception <a 'java/lang/NoSuchMethodError'{0x00000000d6a63978}: 'java.lang.ClassLoader java.lang.ClassLoader.getPlatformClassLoader(java.lang.Class)'> (0x00000000d6a63978) 
thrown [s\src\hotspot\share\interpreter\linkResolver.cpp, line 773]
Event: 1.504 Thread 0x00000168a5ea7c00 Exception <a 'java/lang/ClassNotFoundException'{0x00000000d5580fd0}: sun/net/www/protocol/c/Handler> (0x00000000d5580fd0) 
thrown [s\src\hotspot\share\classfile\systemDictionary.cpp, line 313]
Event: 1.504 Thread 0x00000168a5ea7c00 Exception <a 'java/lang/ClassNotFoundException'{0x00000000d55823a0}: sun/net/www/protocol/c/Handler> (0x00000000d55823a0) 
thrown [s\src\hotspot\share\classfile\systemDictionary.cpp, line 313]
Event: 1.505 Thread 0x00000168a5ea7c00 Exception <a 'java/lang/ClassNotFoundException'{0x00000000d55835d8}: sun/net/www/protocol/c/Handler> (0x00000000d55835d8) 
thrown [s\src\hotspot\share\classfile\systemDictionary.cpp, line 313]
Event: 1.524 Thread 0x00000168a5ea7c00 Exception <a 'java/io/FileNotFoundException'{0x00000000d55ac9d8}> (0x00000000d55ac9d8) 
thrown [s\src\hotspot\share\prims\jni.cpp, line 520]
Event: 1.602 Thread 0x00000168a5ea7c00 Implicit null exception at 0x00000168b3135229 to 0x00000168b3135a98
Event: 1.603 Thread 0x00000168a5ea7c00 Implicit null exception at 0x00000168b313a89a to 0x00000168b313aaa4
Event: 1.604 Thread 0x00000168a5ea7c00 Exception <a 'java/lang/NoSuchMethodError'{0x00000000d56ddec8}: 'void java.lang.invoke.DirectMethodHandle$Holder.invokeStatic(java.lang.Object, java.lang.Object, java.lang.Object, java.lang.Object)'> (0x00000000d56ddec8) 
thrown [s\src\hotspot\share\interpreter\linkResolver.cpp, line 773]
Event: 1.606 Thread 0x00000168a5ea7c00 Implicit null exception at 0x00000168b313af9a to 0x00000168b313b1a4
Event: 1.606 Thread 0x00000168a5ea7c00 Implicit null exception at 0x00000168b313933d to 0x00000168b31393c1
Event: 1.822 Thread 0x00000168a5ea7c00 Exception <a 'java/lang/NoSuchMethodError'{0x00000000d59b7f70}: 'void java.lang.invoke.DirectMethodHandle$Holder.invokeSpecial(java.lang.Object, java.lang.Object, java.lang.Object)'> (0x00000000d59b7f70) 
thrown [s\src\hotspot\share\interpreter\linkResolver.cpp, line 773]
Event: 2.189 Thread 0x00000168a5ea7c00 Exception <a 'java/lang/NoSuchMethodError'{0x00000000d63bb358}: 'int java.lang.invoke.DirectMethodHandle$Holder.invokeVirtual(java.lang.Object, java.lang.Object)'> (0x00000000d63bb358) 
thrown [s\src\hotspot\share\interpreter\linkResolver.cpp, line 773]
Event: 2.383 Thread 0x00000168a5ea7c00 Exception <a 'java/lang/NoSuchMethodError'{0x00000000d6543c18}: 'int java.lang.invoke.DirectMethodHandle$Holder.invokeStaticInit(java.lang.Object, java.lang.Object, java.lang.Object, java.lang.Object)'> (0x00000000d6543c18) 
thrown [s\src\hotspot\share\interpreter\linkResolver.cpp, line 773]
Event: 2.385 Thread 0x00000168a5ea7c00 Exception <a 'java/lang/IncompatibleClassChangeError'{0x00000000d654c300}: Found class java.lang.Object, but interface was expected> (0x00000000d654c300) 
thrown [s\src\hotspot\share\interpreter\linkResolver.cpp, line 840]
Event: 2.386 Thread 0x00000168a5ea7c00 Exception <a 'java/lang/NoSuchMethodError'{0x00000000d65531b0}: 'void java.lang.invoke.DirectMethodHandle$Holder.invokeStaticInit(java.lang.Object, java.lang.Object)'> (0x00000000d65531b0) 
thrown [s\src\hotspot\share\interpreter\linkResolver.cpp, line 773]
Event: 2.388 Thread 0x00000168a5ea7c00 Exception <a 'java/lang/NoSuchMethodError'{0x00000000d655cc68}: 'int java.lang.invoke.DirectMethodHandle$Holder.invokeStaticInit(java.lang.Object, java.lang.Object)'> (0x00000000d655cc68) 
thrown [s\src\hotspot\share\interpreter\linkResolver.cpp, line 773]
Event: 2.480 Thread 0x00000168a5ea7c00 Exception <a 'java/lang/NoSuchMethodError'{0x00000000d67d0620}: 'java.lang.Object java.lang.invoke.DirectMethodHandle$Holder.newInvokeSpecial(java.lang.Object, int, java.lang.Object)'> (0x00000000d67d0620) 
thrown [s\src\hotspot\share\interpreter\linkResolver.cpp, line 773]
Event: 2.584 Thread 0x00000168a5ea7c00 Exception <a 'java/lang/ClassNotFoundException'{0x00000000d69fe068}: sun/net/www/protocol/plurl/Handler> (0x00000000d69fe068) 
thrown [s\src\hotspot\share\classfile\systemDictionary.cpp, line 313]
Event: 2.584 Thread 0x00000168a5ea7c00 Exception <a 'java/lang/ClassNotFoundException'{0x00000000d69feee8}: sun/net/www/protocol/plurl/Handler> (0x00000000d69feee8) 
thrown [s\src\hotspot\share\classfile\systemDictionary.cpp, line 313]

ZGC Phase Switch (0 events):
No events

VM Operations (20 events):
Event: 0.900 Executing non-safepoint VM operation: HandshakeAllThreads (Deoptimize)
Event: 0.900 Executing non-safepoint VM operation: HandshakeAllThreads (Deoptimize) done
Event: 1.436 Executing safepoint VM operation: ICBufferFull
Event: 1.436 Executing safepoint VM operation: ICBufferFull done
Event: 1.492 Executing safepoint VM operation: ParallelGCFailedAllocation (Allocation Failure)
Event: 1.503 Executing safepoint VM operation: ParallelGCFailedAllocation (Allocation Failure) done
Event: 2.437 Executing non-safepoint VM operation: HandshakeAllThreads (Deoptimize)
Event: 2.437 Executing non-safepoint VM operation: HandshakeAllThreads (Deoptimize) done
Event: 2.453 Executing non-safepoint VM operation: HandshakeAllThreads (Deoptimize)
Event: 2.453 Executing non-safepoint VM operation: HandshakeAllThreads (Deoptimize) done
Event: 2.548 Executing non-safepoint VM operation: HandshakeAllThreads (Deoptimize)
Event: 2.548 Executing non-safepoint VM operation: HandshakeAllThreads (Deoptimize) done
Event: 2.548 Executing safepoint VM operation: Cleanup
Event: 2.548 Executing safepoint VM operation: Cleanup done
Event: 2.574 Executing non-safepoint VM operation: HandshakeAllThreads (Deoptimize)
Event: 2.574 Executing non-safepoint VM operation: HandshakeAllThreads (Deoptimize) done
Event: 3.576 Executing safepoint VM operation: Cleanup
Event: 3.577 Executing safepoint VM operation: Cleanup done
Event: 4.589 Executing safepoint VM operation: Cleanup
Event: 4.589 Executing safepoint VM operation: Cleanup done

Memory protections (0 events):
No events

Nmethod flushes (0 events):
No events

Events (12 events):
Event: 0.120 Thread 0x00000168a5ea7c00 Thread added: 0x00000168a5ea7c00
Event: 0.144 Thread 0x00000168a5ea7c00 Thread added: 0x00000168a83bd580
Event: 0.144 Thread 0x00000168a5ea7c00 Thread added: 0x00000169060043c0
Event: 0.145 Thread 0x00000168a5ea7c00 Thread added: 0x00000169060090a0
Event: 0.145 Thread 0x00000168a5ea7c00 Thread added: 0x0000016906009d00
Event: 0.145 Thread 0x00000168a5ea7c00 Thread added: 0x000001690600ddd0
Event: 0.146 Thread 0x00000168a5ea7c00 Thread added: 0x0000016906013c40
Event: 0.146 Thread 0x00000168a5ea7c00 Thread added: 0x000001690601c630
Event: 0.146 Thread 0x00000168a5ea7c00 Thread added: 0x0000016906023b70
Event: 0.252 Thread 0x00000168a5ea7c00 Thread added: 0x000001690624eff0
Event: 0.606 Thread 0x00000168a5ea7c00 Thread added: 0x000001690624fd10
Event: 2.417 Thread 0x00000168a5ea7c00 Thread added: 0x000001690624f680


Dynamic libraries:
0x00007ff685be0000 - 0x00007ff685bee000 	c:\Users\mdsrk\.vscode\extensions\redhat.java-1.55.0-win32-x64\jre\21.0.11-win32-x86_64\bin\java.exe
0x00007ffe773a0000 - 0x00007ffe77606000 	C:\WINDOWS\SYSTEM32\ntdll.dll
0x00007ffe750d0000 - 0x00007ffe75199000 	C:\WINDOWS\System32\KERNEL32.DLL
0x00007ffe748b0000 - 0x00007ffe74cb0000 	C:\WINDOWS\System32\KERNELBASE.dll
0x00007ffe74e40000 - 0x00007ffe74f8c000 	C:\WINDOWS\System32\ucrtbase.dll
0x00007ffe4c010000 - 0x00007ffe4c02e000 	c:\Users\mdsrk\.vscode\extensions\redhat.java-1.55.0-win32-x64\jre\21.0.11-win32-x86_64\bin\VCRUNTIME140.dll
0x00007ffe4c030000 - 0x00007ffe4c048000 	c:\Users\mdsrk\.vscode\extensions\redhat.java-1.55.0-win32-x64\jre\21.0.11-win32-x86_64\bin\jli.dll
0x00007ffe75f10000 - 0x00007ffe760d7000 	C:\WINDOWS\System32\USER32.dll
0x00007ffe74700000 - 0x00007ffe74727000 	C:\WINDOWS\System32\win32u.dll
0x00007ffe5f270000 - 0x00007ffe5f502000 	C:\WINDOWS\WinSxS\amd64_microsoft.windows.common-controls_6595b64144ccf1df_6.0.26100.8737_none_3e092eaee333b772\COMCTL32.dll
0x00007ffe76310000 - 0x00007ffe763b9000 	C:\WINDOWS\System32\msvcrt.dll
0x00007ffe76750000 - 0x00007ffe7677b000 	C:\WINDOWS\System32\GDI32.dll
0x00007ffe74fa0000 - 0x00007ffe750c9000 	C:\WINDOWS\System32\gdi32full.dll
0x00007ffe745c0000 - 0x00007ffe74663000 	C:\WINDOWS\System32\msvcp_win.dll
0x00007ffe770c0000 - 0x00007ffe770f2000 	C:\WINDOWS\System32\IMM32.DLL
0x00007ffe67500000 - 0x00007ffe6750c000 	c:\Users\mdsrk\.vscode\extensions\redhat.java-1.55.0-win32-x64\jre\21.0.11-win32-x86_64\bin\vcruntime140_1.dll
0x00007ffe07b30000 - 0x00007ffe07bbd000 	c:\Users\mdsrk\.vscode\extensions\redhat.java-1.55.0-win32-x64\jre\21.0.11-win32-x86_64\bin\msvcp140.dll
0x00007ffdaebc0000 - 0x00007ffdaf962000 	c:\Users\mdsrk\.vscode\extensions\redhat.java-1.55.0-win32-x64\jre\21.0.11-win32-x86_64\bin\server\jvm.dll
0x00007ffe77100000 - 0x00007ffe771b7000 	C:\WINDOWS\System32\ADVAPI32.dll
0x00007ffe756f0000 - 0x00007ffe7579a000 	C:\WINDOWS\System32\sechost.dll
0x00007ffe75b90000 - 0x00007ffe75ca8000 	C:\WINDOWS\System32\RPCRT4.dll
0x00007ffe75820000 - 0x00007ffe758a0000 	C:\WINDOWS\System32\WS2_32.dll
0x00007ffe74420000 - 0x00007ffe7447e000 	C:\WINDOWS\SYSTEM32\POWRPROF.dll
0x00007ffe6cee0000 - 0x00007ffe6cf16000 	C:\WINDOWS\SYSTEM32\WINMM.dll
0x00007ffe6cf20000 - 0x00007ffe6cf2b000 	C:\WINDOWS\SYSTEM32\VERSION.dll
0x00007ffe74400000 - 0x00007ffe74414000 	C:\WINDOWS\SYSTEM32\UMPDC.dll
0x00007ffe732a0000 - 0x00007ffe732bb000 	C:\WINDOWS\SYSTEM32\kernel.appcore.dll
0x00007ffe67430000 - 0x00007ffe6743a000 	c:\Users\mdsrk\.vscode\extensions\redhat.java-1.55.0-win32-x64\jre\21.0.11-win32-x86_64\bin\jimage.dll
0x00007ffe71dd0000 - 0x00007ffe72012000 	C:\WINDOWS\SYSTEM32\DBGHELP.DLL
0x00007ffe763c0000 - 0x00007ffe76743000 	C:\WINDOWS\System32\combase.dll
0x00007ffe75dc0000 - 0x00007ffe75e99000 	C:\WINDOWS\System32\OLEAUT32.dll
0x00007ffe604b0000 - 0x00007ffe604eb000 	C:\WINDOWS\SYSTEM32\dbgcore.DLL
0x00007ffe74730000 - 0x00007ffe747dc000 	C:\WINDOWS\System32\bcryptPrimitives.dll
0x00007ffe64dd0000 - 0x00007ffe64ddf000 	c:\Users\mdsrk\.vscode\extensions\redhat.java-1.55.0-win32-x64\jre\21.0.11-win32-x86_64\bin\instrument.dll
0x00007ffe4a350000 - 0x00007ffe4a370000 	c:\Users\mdsrk\.vscode\extensions\redhat.java-1.55.0-win32-x64\jre\21.0.11-win32-x86_64\bin\java.dll
0x00007ffe76780000 - 0x00007ffe76f12000 	C:\WINDOWS\System32\SHELL32.dll
0x00007ffe72050000 - 0x00007ffe728e2000 	C:\WINDOWS\SYSTEM32\windows.storage.dll
0x00007ffe761f0000 - 0x00007ffe762e7000 	C:\WINDOWS\System32\SHCORE.dll
0x00007ffe75ea0000 - 0x00007ffe75f07000 	C:\WINDOWS\System32\shlwapi.dll
0x00007ffe744e0000 - 0x00007ffe74509000 	C:\WINDOWS\SYSTEM32\profapi.dll
0x00007ffe4a1e0000 - 0x00007ffe4a1f8000 	c:\Users\mdsrk\.vscode\extensions\redhat.java-1.55.0-win32-x64\jre\21.0.11-win32-x86_64\bin\zip.dll
0x00007ffe67190000 - 0x00007ffe671a0000 	C:\Users\mdsrk\.vscode\extensions\redhat.java-1.55.0-win32-x64\jre\21.0.11-win32-x86_64\bin\net.dll
0x00007ffe6d760000 - 0x00007ffe6d889000 	C:\WINDOWS\SYSTEM32\WINHTTP.dll
0x00007ffe73850000 - 0x00007ffe738bc000 	C:\WINDOWS\system32\mswsock.dll
0x00007ffe437d0000 - 0x00007ffe437e6000 	C:\Users\mdsrk\.vscode\extensions\redhat.java-1.55.0-win32-x64\jre\21.0.11-win32-x86_64\bin\nio.dll
0x00007ffe65100000 - 0x00007ffe65110000 	c:\Users\mdsrk\.vscode\extensions\redhat.java-1.55.0-win32-x64\jre\21.0.11-win32-x86_64\bin\verify.dll

JVMTI agents:
c:\Users\mdsrk\.vscode\extensions\redhat.java-1.55.0-win32-x64\lombok\lombok-1.18.39-4050.jar path:c:\Users\mdsrk\.vscode\extensions\redhat.java-1.55.0-win32-x64\jre\21.0.11-win32-x86_64\bin\instrument.dll, loaded, initialized, instrumentlib options:none

dbghelp: loaded successfully - version: 4.0.5 - missing functions: none
symbol engine: initialized successfully - sym options: 0x614 - pdb path: .;c:\Users\mdsrk\.vscode\extensions\redhat.java-1.55.0-win32-x64\jre\21.0.11-win32-x86_64\bin;C:\WINDOWS\SYSTEM32;C:\WINDOWS\WinSxS\amd64_microsoft.windows.common-controls_6595b64144ccf1df_6.0.26100.8737_none_3e092eaee333b772;c:\Users\mdsrk\.vscode\extensions\redhat.java-1.55.0-win32-x64\jre\21.0.11-win32-x86_64\bin\server

VM Arguments:
jvm_args: --add-modules=ALL-SYSTEM --add-opens=java.base/java.util=ALL-UNNAMED --add-opens=java.base/java.lang=ALL-UNNAMED --add-opens=java.base/sun.nio.fs=ALL-UNNAMED -Declipse.application=org.eclipse.jdt.ls.core.id1 -Dosgi.bundles.defaultStartLevel=4 -Declipse.product=org.eclipse.jdt.ls.core.product -Djava.import.generatesMetadataFilesAtProjectRoot=false -DDetectVMInstallationsJob.disabled=true -Dfile.encoding=utf8 -XX:+UseParallelGC -XX:GCTimeRatio=4 -XX:AdaptiveSizePolicyWeight=90 -Dsun.zip.disableMemoryMapping=true -Xmx2G -Xms100m -Xlog:disable -javaagent:c:\Users\mdsrk\.vscode\extensions\redhat.java-1.55.0-win32-x64\lombok\lombok-1.18.39-4050.jar -XX:+HeapDumpOnOutOfMemoryError -XX:HeapDumpPath=c:\Users\mdsrk\AppData\Roaming\Code\User\workspaceStorage\617f3241d25a36beffd6a6b6e2483d58\redhat.java -Daether.dependencyCollector.impl=bf 
java_command: c:\Users\mdsrk\.vscode\extensions\redhat.java-1.55.0-win32-x64\server\plugins\org.eclipse.equinox.launcher_1.7.200.v20260619-2039.jar -configuration c:\Users\mdsrk\AppData\Roaming\Code\User\globalStorage\redhat.java\1.55.0\config_win -data c:\Users\mdsrk\AppData\Roaming\Code\User\workspaceStorage\617f3241d25a36beffd6a6b6e2483d58\redhat.java\jdt_ws --pipe=\\.\pipe\lsp-25d79d252378a70c7399ec50c424152b-sock
java_class_path (initial): c:\Users\mdsrk\.vscode\extensions\redhat.java-1.55.0-win32-x64\server\plugins\org.eclipse.equinox.launcher_1.7.200.v20260619-2039.jar
Launcher Type: SUN_STANDARD

[Global flags]
    uintx AdaptiveSizePolicyWeight                 = 90                                        {product} {command line}
     intx CICompilerCount                          = 4                                         {product} {ergonomic}
    uintx GCTimeRatio                              = 4                                         {product} {command line}
     bool HeapDumpOnOutOfMemoryError               = true                                   {manageable} {command line}
    ccstr HeapDumpPath                             = c:\Users\mdsrk\AppData\Roaming\Code\User\workspaceStorage\617f3241d25a36beffd6a6b6e2483d58\redhat.java         {manageable} {command line}
   size_t InitialHeapSize                          = 104857600                                 {product} {command line}
   size_t MaxHeapSize                              = 2147483648                                {product} {command line}
   size_t MaxNewSize                               = 715653120                                 {product} {ergonomic}
   size_t MinHeapDeltaBytes                        = 524288                                    {product} {ergonomic}
   size_t MinHeapSize                              = 104857600                                 {product} {command line}
   size_t NewSize                                  = 34603008                                  {product} {ergonomic}
    uintx NonNMethodCodeHeapSize                   = 5839372                                {pd product} {ergonomic}
    uintx NonProfiledCodeHeapSize                  = 122909434                              {pd product} {ergonomic}
   size_t OldSize                                  = 70254592                                  {product} {ergonomic}
    uintx ProfiledCodeHeapSize                     = 122909434                              {pd product} {ergonomic}
    uintx ReservedCodeCacheSize                    = 251658240                              {pd product} {ergonomic}
     bool SegmentedCodeCache                       = true                                      {product} {ergonomic}
   size_t SoftMaxHeapSize                          = 2147483648                             {manageable} {ergonomic}
     bool UseCompressedOops                        = true                           {product lp64_product} {ergonomic}
     bool UseLargePagesIndividualAllocation        = false                                  {pd product} {ergonomic}
     bool UseParallelGC                            = true                                      {product} {command line}

Logging:
Log output configuration:
 #0: stdout all=off uptime,level,tags foldmultilines=false
 #1: stderr all=off uptime,level,tags foldmultilines=false

Release file:
JAVA_VERSION="21.0.11" 
MODULES="java.base java.compiler java.datatransfer java.xml java.prefs java.desktop java.instrument java.logging java.management java.security.sasl java.naming java.rmi java.management.rmi java.net.http java.scripting java.security.jgss java.transaction.xa java.sql java.sql.rowset java.xml.crypto java.se java.smartcardio jdk.accessibility jdk.internal.jvmstat jdk.attach jdk.charsets jdk.internal.opt jdk.zipfs jdk.compiler jdk.crypto.ec jdk.crypto.cryptoki jdk.crypto.mscapi jdk.dynalink jdk.internal.ed jdk.editpad jdk.hotspot.agent jdk.httpserver jdk.internal.le jdk.internal.vm.ci jdk.internal.vm.compiler jdk.internal.vm.compiler.management jdk.jartool jdk.javadoc jdk.jcmd jdk.management jdk.management.agent jdk.jconsole jdk.jdeps jdk.jdwp.agent jdk.jdi jdk.jfr jdk.jshell jdk.jsobject jdk.jstatd jdk.localedata jdk.management.jfr jdk.naming.dns jdk.naming.rmi jdk.net jdk.nio.mapmode jdk.random jdk.sctp jdk.security.auth jdk.security.jgss jdk.unsupported jdk.unsupported.desktop jdk.xml.dom" 

Environment Variables:
JAVA_HOME=C:\Program Files\Eclipse Adoptium\jdk-21.0.11.10-hotspot
PATH=%JAVA_HOME%\bin;C:\WINDOWS\system32;C:\WINDOWS;C:\WINDOWS\System32\Wbem;C:\WINDOWS\System32\WindowsPowerShell\v1.0\;C:\WINDOWS\System32\OpenSSH\;C:\Program Files\nodejs\;C:\Program Files\Git\cmd;C:\xampp\php;C:\ProgramData\ComposerSetup\bin;C:\Program Files\MongoDB\Server\8.0\bin;C:\Users\mdsrk\Downloads\mongodb-database-tools-windows-x86_64-100.13.0.zip\mongodb-database-tools-windows-x86_64-100.13.0\bin;C:\Program Files\Android\Android Studio\jbr\bin;C:\Users\mdsrk\AppData\Local\Android\Sdk\platform-tools;C:\Users\mdsrk\AppData\Roaming\npm;C:\Users\mdsrk\AppData\Roaming\npm;C:\Users\mdsrk\AppData\Local\Programs\cursor\resources\app\bin;C:\Users\mdsrk\AppData\Local\Programs\Microsoft VS Code\bin;C:\Users\mdsrk\AppData\Local\Programs\Antigravity IDE\bin
USERNAME=mdsrk
OS=Windows_NT
PROCESSOR_IDENTIFIER=AMD64 Family 23 Model 104 Stepping 1, AuthenticAMD
TMP=C:\Users\mdsrk\AppData\Local\Temp
TEMP=C:\Users\mdsrk\AppData\Local\Temp




Periodic native trim disabled

---------------  S Y S T E M  ---------------

OS:
 Windows 11 , 64 bit Build 26100 (10.0.26100.8737)
OS uptime: 1 days 1:46 hours
Hyper-V role detected

CPU: total 12 (initial active 12) (12 cores per cpu, 2 threads per core) family 23 model 104 stepping 1 microcode 0x8608107, cx8, cmov, fxsr, ht, mmx, 3dnowpref, sse, sse2, sse3, ssse3, sse4a, sse4.1, sse4.2, popcnt, lzcnt, tsc, tscinvbit, avx, avx2, aes, clmul, bmi1, bmi2, adx, sha, fma, vzeroupper, clflush, clflushopt, hv, rdtscp, rdpid, f16c
Processor Information for the first 12 processors :
  Max Mhz: 2100, Current Mhz: 2100, Mhz Limit: 2100

Memory: 4k page, system-wide physical 14181M (501M free)
TotalPageFile size 57189M (AvailPageFile size 248M)
current process WorkingSet (physical memory assigned to process): 87M, peak: 88M
current process commit charge ("private bytes"): 245M, peak: 246M

vm_info: OpenJDK 64-Bit Server VM (21.0.11+10-LTS) for windows-amd64 JRE (21.0.11+10-LTS), built on 2026-04-21T00:00:00Z by "admin" with MS VC++ 17.12 (VS2022)

END.
