#
# There is insufficient memory for the Java Runtime Environment to continue.
# Native memory allocation (malloc) failed to allocate 1098816 bytes. Error detail: Chunk::new
# Possible reasons:
#   The system is out of physical RAM or swap space
#   This process is running with CompressedOops enabled, and the Java Heap may be blocking the growth of the native heap
# Possible solutions:
#   Reduce memory load on the system
#   Increase physical memory or swap space
#   Check if swap backing store is full
#   Decrease Java heap size (-Xmx/-Xms)
#   Decrease number of Java threads
#   Decrease Java thread stack sizes (-Xss)
#   Set larger code cache with -XX:ReservedCodeCacheSize=
#   JVM is running with Unscaled Compressed Oops mode in which the Java heap is
#     placed in the first 4GB address space. The Java Heap base address is the
#     maximum limit for the native heap growth. Please use -XX:HeapBaseMinAddress
#     to set the Java Heap base and to place the Java Heap above 4GB virtual address.
# This output file may be truncated or incomplete.
#
#  Out of Memory Error (arena.cpp:168), pid=17012, tid=26488
#
# JRE version: OpenJDK Runtime Environment Temurin-21.0.11+10 (21.0.11+10) (build 21.0.11+10-LTS)
# Java VM: OpenJDK 64-Bit Server VM Temurin-21.0.11+10 (21.0.11+10-LTS, mixed mode, sharing, tiered, compressed oops, compressed class ptrs, parallel gc, windows-amd64)
# No core dump will be written. Minidumps are not enabled by default on client versions of Windows
#

---------------  S U M M A R Y ------------

Command Line: --add-modules=ALL-SYSTEM --add-opens=java.base/java.util=ALL-UNNAMED --add-opens=java.base/java.lang=ALL-UNNAMED --add-opens=java.base/sun.nio.fs=ALL-UNNAMED -Declipse.application=org.eclipse.jdt.ls.core.id1 -Dosgi.bundles.defaultStartLevel=4 -Declipse.product=org.eclipse.jdt.ls.core.product -Djava.import.generatesMetadataFilesAtProjectRoot=false -DDetectVMInstallationsJob.disabled=true -Dfile.encoding=utf8 -XX:+UseParallelGC -XX:GCTimeRatio=4 -XX:AdaptiveSizePolicyWeight=90 -Dsun.zip.disableMemoryMapping=true -Xmx2G -Xms100m -Xlog:disable -javaagent:c:\Users\mdsrk\.vscode\extensions\redhat.java-1.55.0-win32-x64\lombok\lombok-1.18.39-4050.jar -XX:+HeapDumpOnOutOfMemoryError -XX:HeapDumpPath=c:\Users\mdsrk\AppData\Roaming\Code\User\workspaceStorage\617f3241d25a36beffd6a6b6e2483d58\redhat.java -Daether.dependencyCollector.impl=bf c:\Users\mdsrk\.vscode\extensions\redhat.java-1.55.0-win32-x64\server\plugins\org.eclipse.equinox.launcher_1.7.200.v20260619-2039.jar -configuration c:\Users\mdsrk\AppData\Roaming\Code\User\globalStorage\redhat.java\1.55.0\config_win -data c:\Users\mdsrk\AppData\Roaming\Code\User\workspaceStorage\617f3241d25a36beffd6a6b6e2483d58\redhat.java\jdt_ws --pipe=\\.\pipe\lsp-7dbdfea6fddc1fab2cc5e52bfa5ed01d-sock

Host: AMD Ryzen 5 5500U with Radeon Graphics         , 12 cores, 13G,  Windows 11 , 64 bit Build 26100 (10.0.26100.8737)
Time: Sat Jul 11 17:53:39 2026 India Standard Time elapsed time: 26982.721896 seconds (0d 7h 29m 42s)

---------------  T H R E A D  ---------------

Current thread (0x00000224840204d0):  JavaThread "C2 CompilerThread0" daemon [_thread_in_native, id=26488, stack(0x000000c5e2900000,0x000000c5e2a00000) (1024K)]


Current CompileTask:
C2:26982722 12857   !   4       org.eclipse.jdt.ls.core.internal.managers.StandardProjectsManager::fileChanged (742 bytes)

Stack: [0x000000c5e2900000,0x000000c5e2a00000]
Native frames: (J=compiled Java code, j=interpreted, Vv=VM code, C=native code)
V  [jvm.dll+0x6d7e19]
V  [jvm.dll+0x8b5096]
V  [jvm.dll+0x8b764e]
V  [jvm.dll+0x8b7d33]
V  [jvm.dll+0x284596]
V  [jvm.dll+0xc685d]
V  [jvm.dll+0xc6da1]
V  [jvm.dll+0x2fb4ee]
V  [jvm.dll+0x5fe9a4]
V  [jvm.dll+0x255d67]
V  [jvm.dll+0x25612d]
V  [jvm.dll+0x24e6a0]
V  [jvm.dll+0x24bbe6]
V  [jvm.dll+0x1cb4ae]
V  [jvm.dll+0x25baad]
V  [jvm.dll+0x25a03a]
V  [jvm.dll+0x3f868e]
V  [jvm.dll+0x85fb0d]
V  [jvm.dll+0x6d664d]
C  [ucrtbase.dll+0x2cd30]
C  [KERNEL32.DLL+0x2e957]
C  [ntdll.dll+0xaad6c]


---------------  P R O C E S S  ---------------

Threads class SMR info:
_java_thread_list=0x000002248758bdd0, length=39, elements={
0x00000224a17dc220, 0x00000224b828b380, 0x0000022484011c00, 0x0000022484019800,
0x000002248401a260, 0x000002248401ccd0, 0x000002248401d730, 0x00000224840204d0,
0x000002248404fab0, 0x00000224842e3f40, 0x0000022484369aa0, 0x0000022484a34c00,
0x0000022484977700, 0x000002248444cb80, 0x0000022484102450, 0x00000224849a9a20,
0x0000022484f65780, 0x000002248512dd30, 0x0000022484ac9cf0, 0x0000022484ac82b0,
0x0000022488a531f0, 0x0000022488a53880, 0x0000022488a53f10, 0x0000022488a51e40,
0x0000022488a552c0, 0x0000022488a55950, 0x0000022488a545a0, 0x0000022488a524d0,
0x0000022488a580b0, 0x0000022488a55fe0, 0x0000022488a58dd0, 0x0000022488a57a20,
0x0000022488a58740, 0x0000022488a59460, 0x0000022488a57390, 0x0000022487835060,
0x0000022487833cb0, 0x0000022484aca380, 0x0000022488a52b60
}

Java Threads: ( => current thread )
  0x00000224a17dc220 JavaThread "main"                              [_thread_blocked, id=19208, stack(0x000000c5e1f00000,0x000000c5e2000000) (1024K)]
  0x00000224b828b380 JavaThread "Reference Handler"          daemon [_thread_blocked, id=2620, stack(0x000000c5e2300000,0x000000c5e2400000) (1024K)]
  0x0000022484011c00 JavaThread "Finalizer"                  daemon [_thread_blocked, id=20324, stack(0x000000c5e2400000,0x000000c5e2500000) (1024K)]
  0x0000022484019800 JavaThread "Signal Dispatcher"          daemon [_thread_blocked, id=5900, stack(0x000000c5e2500000,0x000000c5e2600000) (1024K)]
  0x000002248401a260 JavaThread "Attach Listener"            daemon [_thread_blocked, id=14096, stack(0x000000c5e2600000,0x000000c5e2700000) (1024K)]
  0x000002248401ccd0 JavaThread "Service Thread"             daemon [_thread_blocked, id=18576, stack(0x000000c5e2700000,0x000000c5e2800000) (1024K)]
  0x000002248401d730 JavaThread "Monitor Deflation Thread"   daemon [_thread_blocked, id=11828, stack(0x000000c5e2800000,0x000000c5e2900000) (1024K)]
=>0x00000224840204d0 JavaThread "C2 CompilerThread0"         daemon [_thread_in_native, id=26488, stack(0x000000c5e2900000,0x000000c5e2a00000) (1024K)]
  0x000002248404fab0 JavaThread "C1 CompilerThread0"         daemon [_thread_blocked, id=3816, stack(0x000000c5e2a00000,0x000000c5e2b00000) (1024K)]
  0x00000224842e3f40 JavaThread "Common-Cleaner"             daemon [_thread_blocked, id=14152, stack(0x000000c5e2b00000,0x000000c5e2c00000) (1024K)]
  0x0000022484369aa0 JavaThread "Notification Thread"        daemon [_thread_blocked, id=31008, stack(0x000000c5e2c00000,0x000000c5e2d00000) (1024K)]
  0x0000022484a34c00 JavaThread "Active Thread: Equinox Container: c1382730-ee52-4add-88b0-e0a045dde3c1"        [_thread_blocked, id=14460, stack(0x000000c5e3300000,0x000000c5e3400000) (1024K)]
  0x0000022484977700 JavaThread "Refresh Thread: Equinox Container: c1382730-ee52-4add-88b0-e0a045dde3c1" daemon [_thread_blocked, id=4884, stack(0x000000c5e3400000,0x000000c5e3500000) (1024K)]
  0x000002248444cb80 JavaThread "Framework Event Dispatcher: Equinox Container: c1382730-ee52-4add-88b0-e0a045dde3c1" daemon [_thread_blocked, id=19236, stack(0x000000c5e3600000,0x000000c5e3700000) (1024K)]
  0x0000022484102450 JavaThread "Start Level: Equinox Container: c1382730-ee52-4add-88b0-e0a045dde3c1" daemon [_thread_blocked, id=2144, stack(0x000000c5e3700000,0x000000c5e3800000) (1024K)]
  0x00000224849a9a20 JavaThread "Bundle File Closer"         daemon [_thread_blocked, id=31276, stack(0x000000c5e3a00000,0x000000c5e3b00000) (1024K)]
  0x0000022484f65780 JavaThread "SCR Component Actor"        daemon [_thread_blocked, id=6296, stack(0x000000c5e3b00000,0x000000c5e3c00000) (1024K)]
  0x000002248512dd30 JavaThread "Worker-JM"                         [_thread_blocked, id=34212, stack(0x000000c5e3d00000,0x000000c5e3e00000) (1024K)]
  0x0000022484ac9cf0 JavaThread "JNA Cleaner"                daemon [_thread_blocked, id=24592, stack(0x000000c5e1d00000,0x000000c5e1e00000) (1024K)]
  0x0000022484ac82b0 JavaThread "Java indexing"              daemon [_thread_blocked, id=33800, stack(0x000000c5e4300000,0x000000c5e4400000) (1024K)]
  0x0000022488a531f0 JavaThread "Thread-1"                   daemon [_thread_in_native, id=11008, stack(0x000000c5e4900000,0x000000c5e4a00000) (1024K)]
  0x0000022488a53880 JavaThread "Thread-2"                   daemon [_thread_in_native, id=15232, stack(0x000000c5e4a00000,0x000000c5e4b00000) (1024K)]
  0x0000022488a53f10 JavaThread "Thread-3"                   daemon [_thread_in_native, id=28896, stack(0x000000c5e4b00000,0x000000c5e4c00000) (1024K)]
  0x0000022488a51e40 JavaThread "Thread-4"                   daemon [_thread_in_native, id=20992, stack(0x000000c5e4c00000,0x000000c5e4d00000) (1024K)]
  0x0000022488a552c0 JavaThread "Thread-5"                   daemon [_thread_in_native, id=17016, stack(0x000000c5e4d00000,0x000000c5e4e00000) (1024K)]
  0x0000022488a55950 JavaThread "Thread-6"                   daemon [_thread_in_native, id=29664, stack(0x000000c5e4e00000,0x000000c5e4f00000) (1024K)]
  0x0000022488a545a0 JavaThread "Thread-7"                   daemon [_thread_in_native, id=33400, stack(0x000000c5e4f00000,0x000000c5e5000000) (1024K)]
  0x0000022488a524d0 JavaThread "Thread-8"                   daemon [_thread_in_native, id=2136, stack(0x000000c5e5000000,0x000000c5e5100000) (1024K)]
  0x0000022488a580b0 JavaThread "Thread-9"                   daemon [_thread_in_native, id=13200, stack(0x000000c5e5100000,0x000000c5e5200000) (1024K)]
  0x0000022488a55fe0 JavaThread "Thread-10"                  daemon [_thread_in_native, id=20496, stack(0x000000c5e5200000,0x000000c5e5300000) (1024K)]
  0x0000022488a58dd0 JavaThread "Thread-11"                  daemon [_thread_in_native, id=14936, stack(0x000000c5e5300000,0x000000c5e5400000) (1024K)]
  0x0000022488a57a20 JavaThread "Thread-12"                  daemon [_thread_in_native, id=4744, stack(0x000000c5e5400000,0x000000c5e5500000) (1024K)]
  0x0000022488a58740 JavaThread "Thread-13"                  daemon [_thread_in_native, id=23344, stack(0x000000c5e5500000,0x000000c5e5600000) (1024K)]
  0x0000022488a59460 JavaThread "pool-2-thread-1"                   [_thread_blocked, id=19436, stack(0x000000c5e5600000,0x000000c5e5700000) (1024K)]
  0x0000022488a57390 JavaThread "WorkspaceEventsHandler"            [_thread_blocked, id=32776, stack(0x000000c5e5700000,0x000000c5e5800000) (1024K)]
  0x0000022487835060 JavaThread "pool-1-thread-1"                   [_thread_blocked, id=12320, stack(0x000000c5e5800000,0x000000c5e5900000) (1024K)]
  0x0000022487833cb0 JavaThread "Timer-0"                           [_thread_blocked, id=15188, stack(0x000000c5e3f00000,0x000000c5e4000000) (1024K)]
  0x0000022484aca380 JavaThread "Worker-8"                          [_thread_blocked, id=36624, stack(0x000000c5e1e00000,0x000000c5e1f00000) (1024K)]
  0x0000022488a52b60 JavaThread "Worker-11"                         [_thread_blocked, id=3136, stack(0x000000c5e1c00000,0x000000c5e1d00000) (1024K)]
Total: 39

Other Threads:
  0x00000224b8274940 VMThread "VM Thread"                           [id=1220, stack(0x000000c5e2200000,0x000000c5e2300000) (1024K)]
  0x00000224b816ca00 WatcherThread "VM Periodic Task Thread"        [id=8624, stack(0x000000c5e2100000,0x000000c5e2200000) (1024K)]
  0x00000224a17fa6e0 WorkerThread "GC Thread#0"                     [id=25780, stack(0x000000c5e2000000,0x000000c5e2100000) (1024K)]
  0x00000224846af3d0 WorkerThread "GC Thread#1"                     [id=30608, stack(0x000000c5e2d00000,0x000000c5e2e00000) (1024K)]
  0x0000022484663a60 WorkerThread "GC Thread#2"                     [id=33844, stack(0x000000c5e2e00000,0x000000c5e2f00000) (1024K)]
  0x00000224846b20b0 WorkerThread "GC Thread#3"                     [id=25468, stack(0x000000c5e2f00000,0x000000c5e3000000) (1024K)]
  0x00000224846b2460 WorkerThread "GC Thread#4"                     [id=23788, stack(0x000000c5e3000000,0x000000c5e3100000) (1024K)]
  0x00000224846b2c10 WorkerThread "GC Thread#5"                     [id=11288, stack(0x000000c5e3100000,0x000000c5e3200000) (1024K)]
  0x00000224846b2fc0 WorkerThread "GC Thread#6"                     [id=17272, stack(0x000000c5e3200000,0x000000c5e3300000) (1024K)]
  0x00000224846b9720 WorkerThread "GC Thread#7"                     [id=29180, stack(0x000000c5e3500000,0x000000c5e3600000) (1024K)]
  0x00000224845ca010 WorkerThread "GC Thread#8"                     [id=23252, stack(0x000000c5e3800000,0x000000c5e3900000) (1024K)]
  0x000002248496de90 WorkerThread "GC Thread#9"                     [id=21784, stack(0x000000c5e3900000,0x000000c5e3a00000) (1024K)]
Total: 12

Threads with active compile tasks:
C2 CompilerThread0  26982784 12857   !   4       org.eclipse.jdt.ls.core.internal.managers.StandardProjectsManager::fileChanged (742 bytes)
Total: 1

VM state: not at safepoint (normal execution)

VM Mutex/Monitor currently owned by a thread: None

Heap address: 0x0000000080000000, size: 2048 MB, Compressed Oops mode: 32-bit

CDS archive(s) mapped at: [0x00000224b9000000-0x00000224b9ba0000-0x00000224b9ba0000), size 12189696, SharedBaseAddress: 0x00000224b9000000, ArchiveRelocationMode: 1.
Compressed class space mapped at: 0x00000224ba000000-0x00000224fa000000, reserved size: 1073741824
Narrow klass base: 0x00000224b9000000, Narrow klass shift: 0, Narrow klass range: 0x100000000

GC Precious Log:
 CardTable entry size: 512
 CPUs: 12 total, 12 available
 Memory: 14181M
 Large Page Support: Disabled
 NUMA Support: Disabled
 Compressed Oops: Enabled (32-bit)
 Alignments: Space 512K, Generation 512K, Heap 2M
 Heap Min Capacity: 100M
 Heap Initial Capacity: 100M
 Heap Max Capacity: 2G
 Pre-touch: Disabled
 Parallel Workers: 10

Heap:
 PSYoungGen      total 22528K, used 4124K [0x00000000d5580000, 0x00000000d7100000, 0x0000000100000000)
  eden space 22016K, 17% used [0x00000000d5580000,0x00000000d59371d0,0x00000000d6b00000)
  from space 512K, 62% used [0x00000000d7000000,0x00000000d7050000,0x00000000d7080000)
  to   space 512K, 0% used [0x00000000d7080000,0x00000000d7080000,0x00000000d7100000)
 ParOldGen       total 85504K, used 85427K [0x0000000080000000, 0x0000000085380000, 0x00000000d5580000)
  object space 85504K, 99% used [0x0000000080000000,0x000000008536cc58,0x0000000085380000)
 Metaspace       used 78316K, committed 80000K, reserved 1179648K
  class space    used 9350K, committed 10112K, reserved 1048576K

Card table byte_map: [0x00000224a1180000,0x00000224a1590000] _byte_map_base: 0x00000224a0d80000

Marking Bits: (ParMarkBitMap*) 0x00007ffdaf884460
 Begin Bits: [0x00000224b3c90000, 0x00000224b5c90000)
 End Bits:   [0x00000224b5c90000, 0x00000224b7c90000)

Polling page: 0x000002249f630000

Metaspace:

Usage:
  Non-class:     67.35 MB used.
      Class:      9.13 MB used.
       Both:     76.48 MB used.

Virtual space:
  Non-class space:      128.00 MB reserved,      68.25 MB ( 53%) committed,  2 nodes.
      Class space:        1.00 GB reserved,       9.88 MB ( <1%) committed,  1 nodes.
             Both:        1.12 GB reserved,      78.12 MB (  7%) committed. 

Chunk freelists:
   Non-Class:  11.67 MB
       Class:  6.09 MB
        Both:  17.76 MB

MaxMetaspaceSize: unlimited
CompressedClassSpaceSize: 1.00 GB
Initial GC threshold: 21.00 MB
Current GC threshold: 97.31 MB
CDS: on
 - commit_granule_bytes: 65536.
 - commit_granule_words: 8192.
 - virtual_space_node_default_size: 8388608.
 - enlarge_chunks_in_place: 1.
 - use_allocation_guard: 0.


Internal statistics:

num_allocs_failed_limit: 9.
num_arena_births: 1478.
num_arena_deaths: 22.
num_vsnodes_births: 3.
num_vsnodes_deaths: 0.
num_space_committed: 1250.
num_space_uncommitted: 0.
num_chunks_returned_to_freelist: 34.
num_chunks_taken_from_freelist: 4883.
num_chunk_merges: 12.
num_chunk_splits: 3092.
num_chunks_enlarged: 1908.
num_inconsistent_stats: 0.

CodeHeap 'non-profiled nmethods': size=120000Kb used=10025Kb max_used=10025Kb free=109974Kb
 bounds [0x00000224ac4b0000, 0x00000224ace80000, 0x00000224b39e0000]
CodeHeap 'profiled nmethods': size=120000Kb used=25290Kb max_used=25290Kb free=94709Kb
 bounds [0x00000224a49e0000, 0x00000224a62a0000, 0x00000224abf10000]
CodeHeap 'non-nmethods': size=5760Kb used=1453Kb max_used=1505Kb free=4306Kb
 bounds [0x00000224abf10000, 0x00000224ac180000, 0x00000224ac4b0000]
CodeCache: size=245760Kb, used=36768Kb, max_used=36820Kb, free=208989Kb
 total_blobs=12803, nmethods=12047, adapters=661, full_count=0
Compilation: enabled, stopped_count=0, restarted_count=0

Compilation events (20 events):
Event: 25428.581 Thread 0x00000224840204d0 nmethod 12847 0x00000224ace78210 code [0x00000224ace783a0, 0x00000224ace78500]
Event: 25882.401 Thread 0x000002248404fab0 12848       3       org.eclipse.core.internal.jobs.JobManager$$Lambda/0x00000224ba1b2ca8::<init> (20 bytes)
Event: 25882.407 Thread 0x000002248404fab0 nmethod 12848 0x00000224a6290d10 code [0x00000224a6290ec0, 0x00000224a6291060]
Event: 25882.407 Thread 0x000002248404fab0 12849       3       org.eclipse.core.internal.jobs.JobManager$$Lambda/0x00000224ba1b2ca8::apply (20 bytes)
Event: 25882.418 Thread 0x000002248404fab0 nmethod 12849 0x00000224a6291110 code [0x00000224a62912c0, 0x00000224a6291518]
Event: 25882.418 Thread 0x000002248404fab0 12850       3       org.eclipse.core.internal.jobs.JobManager::lambda$5 (19 bytes)
Event: 25882.422 Thread 0x000002248404fab0 nmethod 12850 0x00000224a6291610 code [0x00000224a62917e0, 0x00000224a62919d8]
Event: 26143.226 Thread 0x00000224840204d0 12851       4       java.util.concurrent.locks.AbstractQueuedSynchronizer$ConditionObject::unlinkCancelledWaiters (91 bytes)
Event: 26143.230 Thread 0x00000224840204d0 nmethod 12851 0x00000224ace78690 code [0x00000224ace78820, 0x00000224ace78988]
Event: 26701.410 Thread 0x00000224840204d0 12852 % !   4       java.util.TimerThread::mainLoop @ 0 (232 bytes)
Event: 26701.545 Thread 0x00000224840204d0 nmethod 12852% 0x00000224ace78b10 code [0x00000224ace78d60, 0x00000224ace79888]
Event: 26782.451 Thread 0x000002248404fab0 12853       3       org.eclipse.core.internal.jobs.JobChangeEvent::<init> (38 bytes)
Event: 26782.460 Thread 0x000002248404fab0 nmethod 12853 0x00000224a6291b10 code [0x00000224a6291cc0, 0x00000224a6291e90]
Event: 26782.461 Thread 0x000002248404fab0 12854       3       org.eclipse.core.runtime.jobs.IJobChangeListener$1::done (11 bytes)
Event: 26782.464 Thread 0x000002248404fab0 nmethod 12854 0x00000224a6291f90 code [0x00000224a6292140, 0x00000224a6292318]
Event: 26782.464 Thread 0x000002248404fab0 12855       3       org.eclipse.core.internal.jobs.JobManager$$Lambda/0x00000224ba196230::accept (12 bytes)
Event: 26782.470 Thread 0x000002248404fab0 nmethod 12855 0x00000224a6292410 code [0x00000224a62925c0, 0x00000224a6292818]
Event: 26980.240 Thread 0x00000224840204d0 12856       4       java.lang.invoke.LambdaForm$MH/0x00000224ba99c800::invoke (63 bytes)
Event: 26980.265 Thread 0x00000224840204d0 nmethod 12856 0x00000224ace7a210 code [0x00000224ace7a3a0, 0x00000224ace7a498]
Event: 26980.351 Thread 0x00000224840204d0 12857   !   4       org.eclipse.jdt.ls.core.internal.managers.StandardProjectsManager::fileChanged (742 bytes)

GC Heap History (20 events):
Event: 23545.262 GC heap before
{Heap before GC invocations=163 (full 3):
 PSYoungGen      total 22528K, used 22240K [0x00000000d5580000, 0x00000000d7100000, 0x0000000100000000)
  eden space 22016K, 100% used [0x00000000d5580000,0x00000000d6b00000,0x00000000d6b00000)
  from space 512K, 43% used [0x00000000d7000000,0x00000000d7038000,0x00000000d7080000)
  to   space 512K, 0% used [0x00000000d7080000,0x00000000d7080000,0x00000000d7100000)
 ParOldGen       total 85504K, used 85035K [0x0000000080000000, 0x0000000085380000, 0x00000000d5580000)
  object space 85504K, 99% used [0x0000000080000000,0x000000008530ac58,0x0000000085380000)
 Metaspace       used 78227K, committed 79872K, reserved 1179648K
  class space    used 9350K, committed 10112K, reserved 1048576K
}
Event: 23545.273 GC heap after
{Heap after GC invocations=163 (full 3):
 PSYoungGen      total 22528K, used 256K [0x00000000d5580000, 0x00000000d7100000, 0x0000000100000000)
  eden space 22016K, 0% used [0x00000000d5580000,0x00000000d5580000,0x00000000d6b00000)
  from space 512K, 50% used [0x00000000d7080000,0x00000000d70c0000,0x00000000d7100000)
  to   space 512K, 0% used [0x00000000d7000000,0x00000000d7000000,0x00000000d7080000)
 ParOldGen       total 85504K, used 85067K [0x0000000080000000, 0x0000000085380000, 0x00000000d5580000)
  object space 85504K, 99% used [0x0000000080000000,0x0000000085312c58,0x0000000085380000)
 Metaspace       used 78227K, committed 79872K, reserved 1179648K
  class space    used 9350K, committed 10112K, reserved 1048576K
}
Event: 23546.177 GC heap before
{Heap before GC invocations=164 (full 3):
 PSYoungGen      total 22528K, used 22272K [0x00000000d5580000, 0x00000000d7100000, 0x0000000100000000)
  eden space 22016K, 100% used [0x00000000d5580000,0x00000000d6b00000,0x00000000d6b00000)
  from space 512K, 50% used [0x00000000d7080000,0x00000000d70c0000,0x00000000d7100000)
  to   space 512K, 0% used [0x00000000d7000000,0x00000000d7000000,0x00000000d7080000)
 ParOldGen       total 85504K, used 85067K [0x0000000080000000, 0x0000000085380000, 0x00000000d5580000)
  object space 85504K, 99% used [0x0000000080000000,0x0000000085312c58,0x0000000085380000)
 Metaspace       used 78236K, committed 79936K, reserved 1179648K
  class space    used 9350K, committed 10112K, reserved 1048576K
}
Event: 23546.179 GC heap after
{Heap after GC invocations=164 (full 3):
 PSYoungGen      total 22528K, used 320K [0x00000000d5580000, 0x00000000d7100000, 0x0000000100000000)
  eden space 22016K, 0% used [0x00000000d5580000,0x00000000d5580000,0x00000000d6b00000)
  from space 512K, 62% used [0x00000000d7000000,0x00000000d7050000,0x00000000d7080000)
  to   space 512K, 0% used [0x00000000d7080000,0x00000000d7080000,0x00000000d7100000)
 ParOldGen       total 85504K, used 85123K [0x0000000080000000, 0x0000000085380000, 0x00000000d5580000)
  object space 85504K, 99% used [0x0000000080000000,0x0000000085320c58,0x0000000085380000)
 Metaspace       used 78236K, committed 79936K, reserved 1179648K
  class space    used 9350K, committed 10112K, reserved 1048576K
}
Event: 23546.589 GC heap before
{Heap before GC invocations=165 (full 3):
 PSYoungGen      total 22528K, used 22336K [0x00000000d5580000, 0x00000000d7100000, 0x0000000100000000)
  eden space 22016K, 100% used [0x00000000d5580000,0x00000000d6b00000,0x00000000d6b00000)
  from space 512K, 62% used [0x00000000d7000000,0x00000000d7050000,0x00000000d7080000)
  to   space 512K, 0% used [0x00000000d7080000,0x00000000d7080000,0x00000000d7100000)
 ParOldGen       total 85504K, used 85123K [0x0000000080000000, 0x0000000085380000, 0x00000000d5580000)
  object space 85504K, 99% used [0x0000000080000000,0x0000000085320c58,0x0000000085380000)
 Metaspace       used 78236K, committed 79936K, reserved 1179648K
  class space    used 9350K, committed 10112K, reserved 1048576K
}
Event: 23546.591 GC heap after
{Heap after GC invocations=165 (full 3):
 PSYoungGen      total 22528K, used 256K [0x00000000d5580000, 0x00000000d7100000, 0x0000000100000000)
  eden space 22016K, 0% used [0x00000000d5580000,0x00000000d5580000,0x00000000d6b00000)
  from space 512K, 50% used [0x00000000d7080000,0x00000000d70c0000,0x00000000d7100000)
  to   space 512K, 0% used [0x00000000d7000000,0x00000000d7000000,0x00000000d7080000)
 ParOldGen       total 85504K, used 85195K [0x0000000080000000, 0x0000000085380000, 0x00000000d5580000)
  object space 85504K, 99% used [0x0000000080000000,0x0000000085332c58,0x0000000085380000)
 Metaspace       used 78236K, committed 79936K, reserved 1179648K
  class space    used 9350K, committed 10112K, reserved 1048576K
}
Event: 23547.061 GC heap before
{Heap before GC invocations=166 (full 3):
 PSYoungGen      total 22528K, used 22272K [0x00000000d5580000, 0x00000000d7100000, 0x0000000100000000)
  eden space 22016K, 100% used [0x00000000d5580000,0x00000000d6b00000,0x00000000d6b00000)
  from space 512K, 50% used [0x00000000d7080000,0x00000000d70c0000,0x00000000d7100000)
  to   space 512K, 0% used [0x00000000d7000000,0x00000000d7000000,0x00000000d7080000)
 ParOldGen       total 85504K, used 85195K [0x0000000080000000, 0x0000000085380000, 0x00000000d5580000)
  object space 85504K, 99% used [0x0000000080000000,0x0000000085332c58,0x0000000085380000)
 Metaspace       used 78236K, committed 79936K, reserved 1179648K
  class space    used 9350K, committed 10112K, reserved 1048576K
}
Event: 23547.062 GC heap after
{Heap after GC invocations=166 (full 3):
 PSYoungGen      total 22528K, used 224K [0x00000000d5580000, 0x00000000d7100000, 0x0000000100000000)
  eden space 22016K, 0% used [0x00000000d5580000,0x00000000d5580000,0x00000000d6b00000)
  from space 512K, 43% used [0x00000000d7000000,0x00000000d7038000,0x00000000d7080000)
  to   space 512K, 0% used [0x00000000d7080000,0x00000000d7080000,0x00000000d7100000)
 ParOldGen       total 85504K, used 85227K [0x0000000080000000, 0x0000000085380000, 0x00000000d5580000)
  object space 85504K, 99% used [0x0000000080000000,0x000000008533ac58,0x0000000085380000)
 Metaspace       used 78236K, committed 79936K, reserved 1179648K
  class space    used 9350K, committed 10112K, reserved 1048576K
}
Event: 23554.056 GC heap before
{Heap before GC invocations=167 (full 3):
 PSYoungGen      total 22528K, used 22240K [0x00000000d5580000, 0x00000000d7100000, 0x0000000100000000)
  eden space 22016K, 100% used [0x00000000d5580000,0x00000000d6b00000,0x00000000d6b00000)
  from space 512K, 43% used [0x00000000d7000000,0x00000000d7038000,0x00000000d7080000)
  to   space 512K, 0% used [0x00000000d7080000,0x00000000d7080000,0x00000000d7100000)
 ParOldGen       total 85504K, used 85227K [0x0000000080000000, 0x0000000085380000, 0x00000000d5580000)
  object space 85504K, 99% used [0x0000000080000000,0x000000008533ac58,0x0000000085380000)
 Metaspace       used 78257K, committed 79936K, reserved 1179648K
  class space    used 9350K, committed 10112K, reserved 1048576K
}
Event: 23554.057 GC heap after
{Heap after GC invocations=167 (full 3):
 PSYoungGen      total 22528K, used 288K [0x00000000d5580000, 0x00000000d7100000, 0x0000000100000000)
  eden space 22016K, 0% used [0x00000000d5580000,0x00000000d5580000,0x00000000d6b00000)
  from space 512K, 56% used [0x00000000d7080000,0x00000000d70c8000,0x00000000d7100000)
  to   space 512K, 0% used [0x00000000d7000000,0x00000000d7000000,0x00000000d7080000)
 ParOldGen       total 85504K, used 85259K [0x0000000080000000, 0x0000000085380000, 0x00000000d5580000)
  object space 85504K, 99% used [0x0000000080000000,0x0000000085342c58,0x0000000085380000)
 Metaspace       used 78257K, committed 79936K, reserved 1179648K
  class space    used 9350K, committed 10112K, reserved 1048576K
}
Event: 24245.038 GC heap before
{Heap before GC invocations=168 (full 3):
 PSYoungGen      total 22528K, used 22304K [0x00000000d5580000, 0x00000000d7100000, 0x0000000100000000)
  eden space 22016K, 100% used [0x00000000d5580000,0x00000000d6b00000,0x00000000d6b00000)
  from space 512K, 56% used [0x00000000d7080000,0x00000000d70c8000,0x00000000d7100000)
  to   space 512K, 0% used [0x00000000d7000000,0x00000000d7000000,0x00000000d7080000)
 ParOldGen       total 85504K, used 85259K [0x0000000080000000, 0x0000000085380000, 0x00000000d5580000)
  object space 85504K, 99% used [0x0000000080000000,0x0000000085342c58,0x0000000085380000)
 Metaspace       used 78299K, committed 79936K, reserved 1179648K
  class space    used 9350K, committed 10112K, reserved 1048576K
}
Event: 24245.100 GC heap after
{Heap after GC invocations=168 (full 3):
 PSYoungGen      total 22528K, used 288K [0x00000000d5580000, 0x00000000d7100000, 0x0000000100000000)
  eden space 22016K, 0% used [0x00000000d5580000,0x00000000d5580000,0x00000000d6b00000)
  from space 512K, 56% used [0x00000000d7000000,0x00000000d7048000,0x00000000d7080000)
  to   space 512K, 0% used [0x00000000d7080000,0x00000000d7080000,0x00000000d7100000)
 ParOldGen       total 85504K, used 85323K [0x0000000080000000, 0x0000000085380000, 0x00000000d5580000)
  object space 85504K, 99% used [0x0000000080000000,0x0000000085352c58,0x0000000085380000)
 Metaspace       used 78299K, committed 79936K, reserved 1179648K
  class space    used 9350K, committed 10112K, reserved 1048576K
}
Event: 24993.563 GC heap before
{Heap before GC invocations=169 (full 3):
 PSYoungGen      total 22528K, used 22304K [0x00000000d5580000, 0x00000000d7100000, 0x0000000100000000)
  eden space 22016K, 100% used [0x00000000d5580000,0x00000000d6b00000,0x00000000d6b00000)
  from space 512K, 56% used [0x00000000d7000000,0x00000000d7048000,0x00000000d7080000)
  to   space 512K, 0% used [0x00000000d7080000,0x00000000d7080000,0x00000000d7100000)
 ParOldGen       total 85504K, used 85323K [0x0000000080000000, 0x0000000085380000, 0x00000000d5580000)
  object space 85504K, 99% used [0x0000000080000000,0x0000000085352c58,0x0000000085380000)
 Metaspace       used 78312K, committed 80000K, reserved 1179648K
  class space    used 9350K, committed 10112K, reserved 1048576K
}
Event: 24993.616 GC heap after
{Heap after GC invocations=169 (full 3):
 PSYoungGen      total 22528K, used 256K [0x00000000d5580000, 0x00000000d7100000, 0x0000000100000000)
  eden space 22016K, 0% used [0x00000000d5580000,0x00000000d5580000,0x00000000d6b00000)
  from space 512K, 50% used [0x00000000d7080000,0x00000000d70c0000,0x00000000d7100000)
  to   space 512K, 0% used [0x00000000d7000000,0x00000000d7000000,0x00000000d7080000)
 ParOldGen       total 85504K, used 85379K [0x0000000080000000, 0x0000000085380000, 0x00000000d5580000)
  object space 85504K, 99% used [0x0000000080000000,0x0000000085360c58,0x0000000085380000)
 Metaspace       used 78312K, committed 80000K, reserved 1179648K
  class space    used 9350K, committed 10112K, reserved 1048576K
}
Event: 25829.280 GC heap before
{Heap before GC invocations=170 (full 3):
 PSYoungGen      total 22528K, used 22272K [0x00000000d5580000, 0x00000000d7100000, 0x0000000100000000)
  eden space 22016K, 100% used [0x00000000d5580000,0x00000000d6b00000,0x00000000d6b00000)
  from space 512K, 50% used [0x00000000d7080000,0x00000000d70c0000,0x00000000d7100000)
  to   space 512K, 0% used [0x00000000d7000000,0x00000000d7000000,0x00000000d7080000)
 ParOldGen       total 85504K, used 85379K [0x0000000080000000, 0x0000000085380000, 0x00000000d5580000)
  object space 85504K, 99% used [0x0000000080000000,0x0000000085360c58,0x0000000085380000)
 Metaspace       used 78312K, committed 80000K, reserved 1179648K
  class space    used 9350K, committed 10112K, reserved 1048576K
}
Event: 25829.325 GC heap after
{Heap after GC invocations=170 (full 3):
 PSYoungGen      total 22528K, used 192K [0x00000000d5580000, 0x00000000d7100000, 0x0000000100000000)
  eden space 22016K, 0% used [0x00000000d5580000,0x00000000d5580000,0x00000000d6b00000)
  from space 512K, 37% used [0x00000000d7000000,0x00000000d7030000,0x00000000d7080000)
  to   space 512K, 0% used [0x00000000d7080000,0x00000000d7080000,0x00000000d7100000)
 ParOldGen       total 85504K, used 85427K [0x0000000080000000, 0x0000000085380000, 0x00000000d5580000)
  object space 85504K, 99% used [0x0000000080000000,0x000000008536cc58,0x0000000085380000)
 Metaspace       used 78312K, committed 80000K, reserved 1179648K
  class space    used 9350K, committed 10112K, reserved 1048576K
}
Event: 26673.371 GC heap before
{Heap before GC invocations=171 (full 3):
 PSYoungGen      total 22528K, used 22208K [0x00000000d5580000, 0x00000000d7100000, 0x0000000100000000)
  eden space 22016K, 100% used [0x00000000d5580000,0x00000000d6b00000,0x00000000d6b00000)
  from space 512K, 37% used [0x00000000d7000000,0x00000000d7030000,0x00000000d7080000)
  to   space 512K, 0% used [0x00000000d7080000,0x00000000d7080000,0x00000000d7100000)
 ParOldGen       total 85504K, used 85427K [0x0000000080000000, 0x0000000085380000, 0x00000000d5580000)
  object space 85504K, 99% used [0x0000000080000000,0x000000008536cc58,0x0000000085380000)
 Metaspace       used 78313K, committed 80000K, reserved 1179648K
  class space    used 9350K, committed 10112K, reserved 1048576K
}
Event: 26673.398 GC heap after
{Heap after GC invocations=171 (full 3):
 PSYoungGen      total 22528K, used 256K [0x00000000d5580000, 0x00000000d7100000, 0x0000000100000000)
  eden space 22016K, 0% used [0x00000000d5580000,0x00000000d5580000,0x00000000d6b00000)
  from space 512K, 50% used [0x00000000d7080000,0x00000000d70c0000,0x00000000d7100000)
  to   space 512K, 0% used [0x00000000d7000000,0x00000000d7000000,0x00000000d7080000)
 ParOldGen       total 85504K, used 85427K [0x0000000080000000, 0x0000000085380000, 0x00000000d5580000)
  object space 85504K, 99% used [0x0000000080000000,0x000000008536cc58,0x0000000085380000)
 Metaspace       used 78313K, committed 80000K, reserved 1179648K
  class space    used 9350K, committed 10112K, reserved 1048576K
}
Event: 26980.750 GC heap before
{Heap before GC invocations=172 (full 3):
 PSYoungGen      total 22528K, used 22272K [0x00000000d5580000, 0x00000000d7100000, 0x0000000100000000)
  eden space 22016K, 100% used [0x00000000d5580000,0x00000000d6b00000,0x00000000d6b00000)
  from space 512K, 50% used [0x00000000d7080000,0x00000000d70c0000,0x00000000d7100000)
  to   space 512K, 0% used [0x00000000d7000000,0x00000000d7000000,0x00000000d7080000)
 ParOldGen       total 85504K, used 85427K [0x0000000080000000, 0x0000000085380000, 0x00000000d5580000)
  object space 85504K, 99% used [0x0000000080000000,0x000000008536cc58,0x0000000085380000)
 Metaspace       used 78316K, committed 80000K, reserved 1179648K
  class space    used 9350K, committed 10112K, reserved 1048576K
}
Event: 26980.756 GC heap after
{Heap after GC invocations=172 (full 3):
 PSYoungGen      total 22528K, used 320K [0x00000000d5580000, 0x00000000d7100000, 0x0000000100000000)
  eden space 22016K, 0% used [0x00000000d5580000,0x00000000d5580000,0x00000000d6b00000)
  from space 512K, 62% used [0x00000000d7000000,0x00000000d7050000,0x00000000d7080000)
  to   space 512K, 0% used [0x00000000d7080000,0x00000000d7080000,0x00000000d7100000)
 ParOldGen       total 85504K, used 85427K [0x0000000080000000, 0x0000000085380000, 0x00000000d5580000)
  object space 85504K, 99% used [0x0000000080000000,0x000000008536cc58,0x0000000085380000)
 Metaspace       used 78316K, committed 80000K, reserved 1179648K
  class space    used 9350K, committed 10112K, reserved 1048576K
}

Dll operation events (16 events):
Event: 0.028 Loaded shared library c:\Users\mdsrk\.vscode\extensions\redhat.java-1.55.0-win32-x64\jre\21.0.11-win32-x86_64\bin\java.dll
Event: 0.236 Loaded shared library c:\Users\mdsrk\.vscode\extensions\redhat.java-1.55.0-win32-x64\jre\21.0.11-win32-x86_64\bin\zip.dll
Event: 0.267 Loaded shared library C:\Users\mdsrk\.vscode\extensions\redhat.java-1.55.0-win32-x64\jre\21.0.11-win32-x86_64\bin\instrument.dll
Event: 0.277 Loaded shared library C:\Users\mdsrk\.vscode\extensions\redhat.java-1.55.0-win32-x64\jre\21.0.11-win32-x86_64\bin\net.dll
Event: 0.282 Loaded shared library C:\Users\mdsrk\.vscode\extensions\redhat.java-1.55.0-win32-x64\jre\21.0.11-win32-x86_64\bin\nio.dll
Event: 0.288 Loaded shared library C:\Users\mdsrk\.vscode\extensions\redhat.java-1.55.0-win32-x64\jre\21.0.11-win32-x86_64\bin\zip.dll
Event: 0.319 Loaded shared library C:\Users\mdsrk\.vscode\extensions\redhat.java-1.55.0-win32-x64\jre\21.0.11-win32-x86_64\bin\jimage.dll
Event: 0.452 Loaded shared library c:\Users\mdsrk\.vscode\extensions\redhat.java-1.55.0-win32-x64\jre\21.0.11-win32-x86_64\bin\verify.dll
Event: 14.765 Loaded shared library C:\Users\mdsrk\AppData\Roaming\Code\User\globalStorage\redhat.java\1.55.0\config_win\org.eclipse.equinox.launcher\org.eclipse.equinox.launcher.win32.win32.x86_64_1.3.100.v20260613-0559\eclipse_11924.dll
Event: 30.604 Loaded shared library C:\Users\mdsrk\AppData\Local\Temp\jna-103757045\jna1057290825185494421.dll
Event: 44.036 Loaded shared library C:\Users\mdsrk\.gradle\native\c067742578af261105cb4f569cf0c3c89f3d7b1fecec35dd04571415982c5e48\windows-amd64\native-platform.dll
Event: 47.008 Loaded shared library C:\Users\mdsrk\.vscode\extensions\redhat.java-1.55.0-win32-x64\jre\21.0.11-win32-x86_64\bin\management.dll
Event: 47.012 Loaded shared library C:\Users\mdsrk\.vscode\extensions\redhat.java-1.55.0-win32-x64\jre\21.0.11-win32-x86_64\bin\management_ext.dll
Event: 48.131 Loaded shared library C:\Users\mdsrk\.vscode\extensions\redhat.java-1.55.0-win32-x64\jre\21.0.11-win32-x86_64\bin\sunmscapi.dll
Event: 48.242 Loaded shared library C:\Users\mdsrk\.vscode\extensions\redhat.java-1.55.0-win32-x64\jre\21.0.11-win32-x86_64\bin\extnet.dll
Event: 99.909 Loaded shared library C:\Users\mdsrk\.gradle\native\c067742578af261105cb4f569cf0c3c89f3d7b1fecec35dd04571415982c5e48\windows-amd64-min\native-platform.dll

Deoptimization events (20 events):
Event: 22512.607 Thread 0x0000022488a57390 DEOPT PACKING pc=0x00000224ace1d124 sp=0x000000c5e57fe590
Event: 22512.607 Thread 0x0000022488a57390 DEOPT UNPACKING pc=0x00000224abf63aa2 sp=0x000000c5e57fe4e0 mode 2
Event: 22512.607 Thread 0x0000022488a57390 Uncommon trap: trap_request=0xffffffd6 fr.pc=0x00000224ace1d124 relative=0x0000000000001404
Event: 22512.607 Thread 0x0000022488a57390 Uncommon trap: reason=array_check action=maybe_recompile pc=0x00000224ace1d124 method=org.eclipse.jdt.internal.core.DeltaProcessor.traverseDelta(Lorg/eclipse/core/resources/IResourceDelta;ILorg/eclipse/jdt/internal/core/DeltaProcessor$RootInfo;Lorg/eclips
Event: 22512.607 Thread 0x0000022488a57390 DEOPT PACKING pc=0x00000224ace1d124 sp=0x000000c5e57fe650
Event: 22512.607 Thread 0x0000022488a57390 DEOPT UNPACKING pc=0x00000224abf63aa2 sp=0x000000c5e57fe5c8 mode 2
Event: 22512.635 Thread 0x0000022488a57390 Uncommon trap: trap_request=0xffffffd6 fr.pc=0x00000224acdc79f8 relative=0x0000000000007018
Event: 22512.636 Thread 0x0000022488a57390 Uncommon trap: reason=array_check action=maybe_recompile pc=0x00000224acdc79f8 method=java.util.ComparableTimSort.reverseRange([Ljava/lang/Object;II)V @ 27 c2
Event: 22512.636 Thread 0x0000022488a57390 DEOPT PACKING pc=0x00000224acdc79f8 sp=0x000000c5e57feb30
Event: 22512.636 Thread 0x0000022488a57390 DEOPT UNPACKING pc=0x00000224abf63aa2 sp=0x000000c5e57fe888 mode 2
Event: 22512.711 Thread 0x0000022488a57390 Uncommon trap: trap_request=0xffffffd6 fr.pc=0x00000224acdc79f8 relative=0x0000000000007018
Event: 22512.711 Thread 0x0000022488a57390 Uncommon trap: reason=array_check action=maybe_recompile pc=0x00000224acdc79f8 method=java.util.ComparableTimSort.reverseRange([Ljava/lang/Object;II)V @ 27 c2
Event: 22512.711 Thread 0x0000022488a57390 DEOPT PACKING pc=0x00000224acdc79f8 sp=0x000000c5e57feb30
Event: 22512.711 Thread 0x0000022488a57390 DEOPT UNPACKING pc=0x00000224abf63aa2 sp=0x000000c5e57fe888 mode 2
Event: 22513.015 Thread 0x0000022488a57390 Uncommon trap: trap_request=0xffffffd6 fr.pc=0x00000224acdab60c relative=0x000000000000058c
Event: 22513.015 Thread 0x0000022488a57390 Uncommon trap: reason=array_check action=maybe_recompile pc=0x00000224acdab60c method=java.util.ComparableTimSort.reverseRange([Ljava/lang/Object;II)V @ 20 c2
Event: 22513.015 Thread 0x0000022488a57390 DEOPT PACKING pc=0x00000224acdab60c sp=0x000000c5e57fe970
Event: 22513.015 Thread 0x0000022488a57390 DEOPT UNPACKING pc=0x00000224abf63aa2 sp=0x000000c5e57fe888 mode 2
Event: 22515.178 Thread 0x0000022484acb730 DEOPT PACKING pc=0x00000224a61d5d38 sp=0x000000c5e42fdf90
Event: 22515.178 Thread 0x0000022484acb730 DEOPT UNPACKING pc=0x00000224abf64242 sp=0x000000c5e42fd548 mode 0

Classes loaded (20 events):
Event: 17991.593 Loading class java/io/ObjectOutputStream$ReplaceTable
Event: 17991.595 Loading class java/io/ObjectOutputStream$ReplaceTable done
Event: 17991.728 Loading class java/util/ArrayDeque$DeqSpliterator
Event: 17991.730 Loading class java/util/ArrayDeque$DeqSpliterator done
Event: 18291.982 Loading class java/util/stream/Nodes$CollectorTask$OfRef
Event: 18291.992 Loading class java/util/stream/Nodes$CollectorTask
Event: 18292.003 Loading class java/util/stream/Nodes$CollectorTask done
Event: 18292.003 Loading class java/util/stream/Nodes$CollectorTask$OfRef done
Event: 18292.006 Loading class java/util/function/LongFunction
Event: 18292.008 Loading class java/util/function/LongFunction done
Event: 18292.013 Loading class java/util/stream/Nodes$ConcNode
Event: 18292.016 Loading class java/util/stream/Nodes$AbstractConcNode
Event: 18292.020 Loading class java/util/stream/Nodes$AbstractConcNode done
Event: 18292.020 Loading class java/util/stream/Nodes$ConcNode done
Event: 18292.173 Loading class java/util/stream/Nodes$ToArrayTask$OfRef
Event: 18292.176 Loading class java/util/stream/Nodes$ToArrayTask
Event: 18292.177 Loading class java/util/stream/Nodes$ToArrayTask done
Event: 18292.177 Loading class java/util/stream/Nodes$ToArrayTask$OfRef done
Event: 18374.846 Loading class java/util/ImmutableCollections$SubList
Event: 18374.852 Loading class java/util/ImmutableCollections$SubList done

Classes unloaded (11 events):
Event: 32.613 Thread 0x00000224b8274940 Unloading class 0x00000224ba1ab800 'java/lang/invoke/LambdaForm$MH+0x00000224ba1ab800'
Event: 32.613 Thread 0x00000224b8274940 Unloading class 0x00000224ba1ab400 'java/lang/invoke/LambdaForm$MH+0x00000224ba1ab400'
Event: 32.613 Thread 0x00000224b8274940 Unloading class 0x00000224ba1ab000 'java/lang/invoke/LambdaForm$MH+0x00000224ba1ab000'
Event: 32.613 Thread 0x00000224b8274940 Unloading class 0x00000224ba1aac00 'java/lang/invoke/LambdaForm$MH+0x00000224ba1aac00'
Event: 32.613 Thread 0x00000224b8274940 Unloading class 0x00000224ba1aa800 'java/lang/invoke/LambdaForm$BMH+0x00000224ba1aa800'
Event: 32.613 Thread 0x00000224b8274940 Unloading class 0x00000224ba1aa400 'java/lang/invoke/LambdaForm$DMH+0x00000224ba1aa400'
Event: 32.613 Thread 0x00000224b8274940 Unloading class 0x00000224ba1a9000 'java/lang/invoke/LambdaForm$DMH+0x00000224ba1a9000'
Event: 35.029 Thread 0x00000224b8274940 Unloading class 0x00000224ba30d800 'java/lang/invoke/LambdaForm$MH+0x00000224ba30d800'
Event: 35.029 Thread 0x00000224b8274940 Unloading class 0x00000224ba30d000 'java/lang/invoke/LambdaForm$MH+0x00000224ba30d000'
Event: 35.029 Thread 0x00000224b8274940 Unloading class 0x00000224ba30cc00 'java/lang/invoke/LambdaForm$MH+0x00000224ba30cc00'
Event: 35.029 Thread 0x00000224b8274940 Unloading class 0x00000224ba30c400 'java/lang/invoke/LambdaForm$DMH+0x00000224ba30c400'

Classes redefined (0 events):
No events

Internal exceptions (20 events):
Event: 24295.683 Thread 0x0000022484aca380 Exception <a 'sun/nio/fs/WindowsException'{0x00000000d583b128}> (0x00000000d583b128) 
thrown [s\src\hotspot\share\prims\jni.cpp, line 520]
Event: 24295.683 Thread 0x0000022484aca380 Exception <a 'sun/nio/fs/WindowsException'{0x00000000d583bd68}> (0x00000000d583bd68) 
thrown [s\src\hotspot\share\prims\jni.cpp, line 520]
Event: 24295.684 Thread 0x0000022484aca380 Exception <a 'sun/nio/fs/WindowsException'{0x00000000d583da80}> (0x00000000d583da80) 
thrown [s\src\hotspot\share\prims\jni.cpp, line 520]
Event: 24295.684 Thread 0x0000022484aca380 Exception <a 'sun/nio/fs/WindowsException'{0x00000000d583e440}> (0x00000000d583e440) 
thrown [s\src\hotspot\share\prims\jni.cpp, line 520]
Event: 24295.686 Thread 0x0000022484aca380 Exception <a 'sun/nio/fs/WindowsException'{0x00000000d5840180}> (0x00000000d5840180) 
thrown [s\src\hotspot\share\prims\jni.cpp, line 520]
Event: 24295.686 Thread 0x0000022484aca380 Exception <a 'sun/nio/fs/WindowsException'{0x00000000d5840b40}> (0x00000000d5840b40) 
thrown [s\src\hotspot\share\prims\jni.cpp, line 520]
Event: 24295.687 Thread 0x0000022484aca380 Exception <a 'sun/nio/fs/WindowsException'{0x00000000d5842870}> (0x00000000d5842870) 
thrown [s\src\hotspot\share\prims\jni.cpp, line 520]
Event: 24295.688 Thread 0x0000022484aca380 Exception <a 'sun/nio/fs/WindowsException'{0x00000000d5843230}> (0x00000000d5843230) 
thrown [s\src\hotspot\share\prims\jni.cpp, line 520]
Event: 24295.689 Thread 0x0000022484aca380 Exception <a 'sun/nio/fs/WindowsException'{0x00000000d5844f90}> (0x00000000d5844f90) 
thrown [s\src\hotspot\share\prims\jni.cpp, line 520]
Event: 24295.689 Thread 0x0000022484aca380 Exception <a 'sun/nio/fs/WindowsException'{0x00000000d5845950}> (0x00000000d5845950) 
thrown [s\src\hotspot\share\prims\jni.cpp, line 520]
Event: 24295.690 Thread 0x0000022484aca380 Exception <a 'sun/nio/fs/WindowsException'{0x00000000d5847670}> (0x00000000d5847670) 
thrown [s\src\hotspot\share\prims\jni.cpp, line 520]
Event: 24295.691 Thread 0x0000022484aca380 Exception <a 'sun/nio/fs/WindowsException'{0x00000000d5848030}> (0x00000000d5848030) 
thrown [s\src\hotspot\share\prims\jni.cpp, line 520]
Event: 24295.692 Thread 0x0000022484aca380 Exception <a 'sun/nio/fs/WindowsException'{0x00000000d5849da0}> (0x00000000d5849da0) 
thrown [s\src\hotspot\share\prims\jni.cpp, line 520]
Event: 24295.692 Thread 0x0000022484aca380 Exception <a 'sun/nio/fs/WindowsException'{0x00000000d584a760}> (0x00000000d584a760) 
thrown [s\src\hotspot\share\prims\jni.cpp, line 520]
Event: 24295.694 Thread 0x0000022484aca380 Exception <a 'sun/nio/fs/WindowsException'{0x00000000d584c4a8}> (0x00000000d584c4a8) 
thrown [s\src\hotspot\share\prims\jni.cpp, line 520]
Event: 24295.694 Thread 0x0000022484aca380 Exception <a 'sun/nio/fs/WindowsException'{0x00000000d584ce68}> (0x00000000d584ce68) 
thrown [s\src\hotspot\share\prims\jni.cpp, line 520]
Event: 24295.695 Thread 0x0000022484aca380 Exception <a 'sun/nio/fs/WindowsException'{0x00000000d584eb90}> (0x00000000d584eb90) 
thrown [s\src\hotspot\share\prims\jni.cpp, line 520]
Event: 24295.695 Thread 0x0000022484aca380 Exception <a 'sun/nio/fs/WindowsException'{0x00000000d584f7d0}> (0x00000000d584f7d0) 
thrown [s\src\hotspot\share\prims\jni.cpp, line 520]
Event: 24295.715 Thread 0x0000022484aca380 Exception <a 'sun/nio/fs/WindowsException'{0x00000000d58512a0}> (0x00000000d58512a0) 
thrown [s\src\hotspot\share\prims\jni.cpp, line 520]
Event: 24295.715 Thread 0x0000022484aca380 Exception <a 'sun/nio/fs/WindowsException'{0x00000000d5851ee8}> (0x00000000d5851ee8) 
thrown [s\src\hotspot\share\prims\jni.cpp, line 520]

ZGC Phase Switch (0 events):
No events

VM Operations (20 events):
Event: 26692.910 Executing non-safepoint VM operation: RendezvousGCThreads
Event: 26692.910 Executing non-safepoint VM operation: RendezvousGCThreads done
Event: 26753.090 Executing non-safepoint VM operation: HandshakeAllThreads (HandshakeForDeflation)
Event: 26753.090 Executing non-safepoint VM operation: HandshakeAllThreads (HandshakeForDeflation) done
Event: 26753.090 Executing non-safepoint VM operation: RendezvousGCThreads
Event: 26753.090 Executing non-safepoint VM operation: RendezvousGCThreads done
Event: 26813.123 Executing non-safepoint VM operation: HandshakeAllThreads (HandshakeForDeflation)
Event: 26813.123 Executing non-safepoint VM operation: HandshakeAllThreads (HandshakeForDeflation) done
Event: 26813.123 Executing non-safepoint VM operation: RendezvousGCThreads
Event: 26813.123 Executing non-safepoint VM operation: RendezvousGCThreads done
Event: 26873.252 Executing non-safepoint VM operation: HandshakeAllThreads (HandshakeForDeflation)
Event: 26873.252 Executing non-safepoint VM operation: HandshakeAllThreads (HandshakeForDeflation) done
Event: 26873.252 Executing non-safepoint VM operation: RendezvousGCThreads
Event: 26873.252 Executing non-safepoint VM operation: RendezvousGCThreads done
Event: 26933.447 Executing non-safepoint VM operation: HandshakeAllThreads (HandshakeForDeflation)
Event: 26933.447 Executing non-safepoint VM operation: HandshakeAllThreads (HandshakeForDeflation) done
Event: 26933.447 Executing non-safepoint VM operation: RendezvousGCThreads
Event: 26933.447 Executing non-safepoint VM operation: RendezvousGCThreads done
Event: 26980.750 Executing safepoint VM operation: ParallelGCFailedAllocation (Allocation Failure)
Event: 26980.756 Executing safepoint VM operation: ParallelGCFailedAllocation (Allocation Failure) done

Memory protections (0 events):
No events

Nmethod flushes (20 events):
Event: 48.295 Thread 0x00000224b8274940 flushing  nmethod 0x00000224a52eb010
Event: 48.295 Thread 0x00000224b8274940 flushing  nmethod 0x00000224a531a590
Event: 48.295 Thread 0x00000224b8274940 flushing  nmethod 0x00000224a531f890
Event: 48.296 Thread 0x00000224b8274940 flushing  nmethod 0x00000224a531fe90
Event: 48.296 Thread 0x00000224b8274940 flushing  nmethod 0x00000224a5320210
Event: 48.296 Thread 0x00000224b8274940 flushing  nmethod 0x00000224a5325310
Event: 48.296 Thread 0x00000224b8274940 flushing  nmethod 0x00000224a5330410
Event: 48.296 Thread 0x00000224b8274940 flushing  nmethod 0x00000224a5331a10
Event: 48.296 Thread 0x00000224b8274940 flushing  nmethod 0x00000224a5332a10
Event: 48.296 Thread 0x00000224b8274940 flushing  nmethod 0x00000224a5333e90
Event: 48.296 Thread 0x00000224b8274940 flushing  nmethod 0x00000224a5334490
Event: 48.296 Thread 0x00000224b8274940 flushing  nmethod 0x00000224a5334890
Event: 48.296 Thread 0x00000224b8274940 flushing  nmethod 0x00000224a5334e90
Event: 48.296 Thread 0x00000224b8274940 flushing  nmethod 0x00000224a5336f10
Event: 48.296 Thread 0x00000224b8274940 flushing  nmethod 0x00000224a5337310
Event: 48.296 Thread 0x00000224b8274940 flushing  nmethod 0x00000224a5337790
Event: 48.296 Thread 0x00000224b8274940 flushing  nmethod 0x00000224a533dc90
Event: 48.296 Thread 0x00000224b8274940 flushing  nmethod 0x00000224a5369090
Event: 48.296 Thread 0x00000224b8274940 flushing  nmethod 0x00000224a53b6b90
Event: 48.296 Thread 0x00000224b8274940 flushing  nmethod 0x00000224a53b8a90

Events (20 events):
Event: 24295.735 Thread 0x0000022487832f90 Thread added: 0x0000022487838b70
Event: 24295.735 Thread 0x0000022487836410 Thread added: 0x0000022487837130
Event: 24295.736 Thread 0x0000022487836410 Thread added: 0x0000022487837e50
Event: 24295.737 Thread 0x0000022487832f90 Thread added: 0x00000224878377c0
Event: 24295.737 Thread 0x0000022487836aa0 Thread added: 0x0000022488a54c30
Event: 24295.739 Thread 0x0000022487836410 Thread added: 0x0000022484acb730
Event: 24295.740 Thread 0x0000022487832f90 Thread added: 0x0000022498618aa0
Event: 24295.746 Thread 0x0000022498618aa0 Thread exited: 0x0000022498618aa0
Event: 24295.746 Thread 0x0000022484acb730 Thread exited: 0x0000022484acb730
Event: 24295.746 Thread 0x00000224878377c0 Thread exited: 0x00000224878377c0
Event: 24295.746 Thread 0x0000022487836410 Thread exited: 0x0000022487836410
Event: 24295.747 Thread 0x0000022487833620 Thread exited: 0x0000022487833620
Event: 24295.747 Thread 0x0000022488a54c30 Thread exited: 0x0000022488a54c30
Event: 24295.747 Thread 0x0000022487837e50 Thread exited: 0x0000022487837e50
Event: 24295.747 Thread 0x0000022487837130 Thread exited: 0x0000022487837130
Event: 24295.747 Thread 0x0000022487832f90 Thread exited: 0x0000022487832f90
Event: 24295.747 Thread 0x0000022487838b70 Thread exited: 0x0000022487838b70
Event: 24295.747 Thread 0x0000022487836aa0 Thread exited: 0x0000022487836aa0
Event: 24296.028 Thread 0x0000022484aca380 Thread added: 0x0000022487833620
Event: 24416.043 Thread 0x0000022487833620 Thread exited: 0x0000022487833620


Dynamic libraries:
0x00007ff685be0000 - 0x00007ff685bee000 	c:\Users\mdsrk\.vscode\extensions\redhat.java-1.55.0-win32-x64\jre\21.0.11-win32-x86_64\bin\java.exe
0x00007ffe773a0000 - 0x00007ffe77606000 	C:\WINDOWS\SYSTEM32\ntdll.dll
0x00007ffe750d0000 - 0x00007ffe75199000 	C:\WINDOWS\System32\KERNEL32.DLL
0x00007ffe748b0000 - 0x00007ffe74cb0000 	C:\WINDOWS\System32\KERNELBASE.dll
0x00007ffe74e40000 - 0x00007ffe74f8c000 	C:\WINDOWS\System32\ucrtbase.dll
0x00007ffe4c030000 - 0x00007ffe4c048000 	c:\Users\mdsrk\.vscode\extensions\redhat.java-1.55.0-win32-x64\jre\21.0.11-win32-x86_64\bin\jli.dll
0x00007ffe75f10000 - 0x00007ffe760d7000 	C:\WINDOWS\System32\USER32.dll
0x00007ffe74700000 - 0x00007ffe74727000 	C:\WINDOWS\System32\win32u.dll
0x00007ffe76750000 - 0x00007ffe7677b000 	C:\WINDOWS\System32\GDI32.dll
0x00007ffe74fa0000 - 0x00007ffe750c9000 	C:\WINDOWS\System32\gdi32full.dll
0x00007ffe745c0000 - 0x00007ffe74663000 	C:\WINDOWS\System32\msvcp_win.dll
0x00007ffe4c010000 - 0x00007ffe4c02e000 	c:\Users\mdsrk\.vscode\extensions\redhat.java-1.55.0-win32-x64\jre\21.0.11-win32-x86_64\bin\VCRUNTIME140.dll
0x00007ffe5f270000 - 0x00007ffe5f502000 	C:\WINDOWS\WinSxS\amd64_microsoft.windows.common-controls_6595b64144ccf1df_6.0.26100.8737_none_3e092eaee333b772\COMCTL32.dll
0x00007ffe76310000 - 0x00007ffe763b9000 	C:\WINDOWS\System32\msvcrt.dll
0x00007ffe770c0000 - 0x00007ffe770f2000 	C:\WINDOWS\System32\IMM32.DLL
0x00007ffe67500000 - 0x00007ffe6750c000 	c:\Users\mdsrk\.vscode\extensions\redhat.java-1.55.0-win32-x64\jre\21.0.11-win32-x86_64\bin\vcruntime140_1.dll
0x00007ffe07b30000 - 0x00007ffe07bbd000 	c:\Users\mdsrk\.vscode\extensions\redhat.java-1.55.0-win32-x64\jre\21.0.11-win32-x86_64\bin\msvcp140.dll
0x00007ffdaebc0000 - 0x00007ffdaf962000 	c:\Users\mdsrk\.vscode\extensions\redhat.java-1.55.0-win32-x64\jre\21.0.11-win32-x86_64\bin\server\jvm.dll
0x00007ffe77100000 - 0x00007ffe771b7000 	C:\WINDOWS\System32\ADVAPI32.dll
0x00007ffe756f0000 - 0x00007ffe7579a000 	C:\WINDOWS\System32\sechost.dll
0x00007ffe75b90000 - 0x00007ffe75ca8000 	C:\WINDOWS\System32\RPCRT4.dll
0x00007ffe75820000 - 0x00007ffe758a0000 	C:\WINDOWS\System32\WS2_32.dll
0x00007ffe74420000 - 0x00007ffe7447e000 	C:\WINDOWS\SYSTEM32\POWRPROF.dll
0x00007ffe6cf20000 - 0x00007ffe6cf2b000 	C:\WINDOWS\SYSTEM32\VERSION.dll
0x00007ffe6cee0000 - 0x00007ffe6cf16000 	C:\WINDOWS\SYSTEM32\WINMM.dll
0x00007ffe74400000 - 0x00007ffe74414000 	C:\WINDOWS\SYSTEM32\UMPDC.dll
0x00007ffe732a0000 - 0x00007ffe732bb000 	C:\WINDOWS\SYSTEM32\kernel.appcore.dll
0x00007ffe67430000 - 0x00007ffe6743a000 	c:\Users\mdsrk\.vscode\extensions\redhat.java-1.55.0-win32-x64\jre\21.0.11-win32-x86_64\bin\jimage.dll
0x00007ffe71dd0000 - 0x00007ffe72012000 	C:\WINDOWS\SYSTEM32\DBGHELP.DLL
0x00007ffe763c0000 - 0x00007ffe76743000 	C:\WINDOWS\System32\combase.dll
0x00007ffe75dc0000 - 0x00007ffe75e99000 	C:\WINDOWS\System32\OLEAUT32.dll
0x00007ffe604b0000 - 0x00007ffe604eb000 	C:\WINDOWS\SYSTEM32\dbgcore.DLL
0x00007ffe74730000 - 0x00007ffe747dc000 	C:\WINDOWS\System32\bcryptPrimitives.dll
0x00007ffe64dd0000 - 0x00007ffe64ddf000 	c:\Users\mdsrk\.vscode\extensions\redhat.java-1.55.0-win32-x64\jre\21.0.11-win32-x86_64\bin\instrument.dll
0x00007ffe4a350000 - 0x00007ffe4a370000 	c:\Users\mdsrk\.vscode\extensions\redhat.java-1.55.0-win32-x64\jre\21.0.11-win32-x86_64\bin\java.dll
0x00007ffe76780000 - 0x00007ffe76f12000 	C:\WINDOWS\System32\SHELL32.dll
0x00007ffe72050000 - 0x00007ffe728e2000 	C:\WINDOWS\SYSTEM32\windows.storage.dll
0x00007ffe761f0000 - 0x00007ffe762e7000 	C:\WINDOWS\System32\SHCORE.dll
0x00007ffe75ea0000 - 0x00007ffe75f07000 	C:\WINDOWS\System32\shlwapi.dll
0x00007ffe744e0000 - 0x00007ffe74509000 	C:\WINDOWS\SYSTEM32\profapi.dll
0x00007ffe4a1e0000 - 0x00007ffe4a1f8000 	c:\Users\mdsrk\.vscode\extensions\redhat.java-1.55.0-win32-x64\jre\21.0.11-win32-x86_64\bin\zip.dll
0x00007ffe67190000 - 0x00007ffe671a0000 	C:\Users\mdsrk\.vscode\extensions\redhat.java-1.55.0-win32-x64\jre\21.0.11-win32-x86_64\bin\net.dll
0x00007ffe6d760000 - 0x00007ffe6d889000 	C:\WINDOWS\SYSTEM32\WINHTTP.dll
0x00007ffe73850000 - 0x00007ffe738bc000 	C:\WINDOWS\system32\mswsock.dll
0x00007ffe437d0000 - 0x00007ffe437e6000 	C:\Users\mdsrk\.vscode\extensions\redhat.java-1.55.0-win32-x64\jre\21.0.11-win32-x86_64\bin\nio.dll
0x00007ffe65100000 - 0x00007ffe65110000 	c:\Users\mdsrk\.vscode\extensions\redhat.java-1.55.0-win32-x64\jre\21.0.11-win32-x86_64\bin\verify.dll
0x00007ffe30d30000 - 0x00007ffe30d75000 	C:\Users\mdsrk\AppData\Roaming\Code\User\globalStorage\redhat.java\1.55.0\config_win\org.eclipse.equinox.launcher\org.eclipse.equinox.launcher.win32.win32.x86_64_1.3.100.v20260613-0559\eclipse_11924.dll
0x00007ffe76f20000 - 0x00007ffe770b9000 	C:\WINDOWS\System32\ole32.dll
0x00007ffe73b50000 - 0x00007ffe73b6b000 	C:\WINDOWS\SYSTEM32\CRYPTSP.dll
0x00007ffe73200000 - 0x00007ffe73239000 	C:\WINDOWS\system32\rsaenh.dll
0x00007ffe73910000 - 0x00007ffe73942000 	C:\WINDOWS\SYSTEM32\USERENV.dll
0x00007ffe744b0000 - 0x00007ffe744da000 	C:\WINDOWS\SYSTEM32\bcrypt.dll
0x00007ffe73b70000 - 0x00007ffe73b7c000 	C:\WINDOWS\SYSTEM32\CRYPTBASE.dll
0x00007ffe72c30000 - 0x00007ffe72c63000 	C:\WINDOWS\SYSTEM32\IPHLPAPI.DLL
0x00007ffe76300000 - 0x00007ffe7630a000 	C:\WINDOWS\System32\NSI.dll
0x00007ffe00a30000 - 0x00007ffe00a79000 	C:\Users\mdsrk\AppData\Local\Temp\jna-103757045\jna1057290825185494421.dll
0x00007ffe77350000 - 0x00007ffe77358000 	C:\WINDOWS\System32\PSAPI.DLL
0x00007ffe6db40000 - 0x00007ffe6db5d000 	C:\WINDOWS\SYSTEM32\dhcpcsvc6.DLL
0x00007ffe6d440000 - 0x00007ffe6d465000 	C:\WINDOWS\SYSTEM32\dhcpcsvc.DLL
0x00007ffe4c080000 - 0x00007ffe4c0a7000 	C:\Users\mdsrk\.gradle\native\c067742578af261105cb4f569cf0c3c89f3d7b1fecec35dd04571415982c5e48\windows-amd64\native-platform.dll
0x00007ffe560f0000 - 0x00007ffe560fa000 	C:\Users\mdsrk\.vscode\extensions\redhat.java-1.55.0-win32-x64\jre\21.0.11-win32-x86_64\bin\management.dll
0x00007ffe560e0000 - 0x00007ffe560ec000 	C:\Users\mdsrk\.vscode\extensions\redhat.java-1.55.0-win32-x64\jre\21.0.11-win32-x86_64\bin\management_ext.dll
0x00007ffe54940000 - 0x00007ffe5494e000 	C:\Users\mdsrk\.vscode\extensions\redhat.java-1.55.0-win32-x64\jre\21.0.11-win32-x86_64\bin\sunmscapi.dll
0x00007ffe74cc0000 - 0x00007ffe74e38000 	C:\WINDOWS\System32\CRYPT32.dll
0x00007ffe73d90000 - 0x00007ffe73dc0000 	C:\WINDOWS\SYSTEM32\ncrypt.dll
0x00007ffe73d40000 - 0x00007ffe73d7f000 	C:\WINDOWS\SYSTEM32\NTASN1.dll
0x00007ffe72cc0000 - 0x00007ffe72e15000 	C:\WINDOWS\SYSTEM32\DNSAPI.dll
0x00007ffe73630000 - 0x00007ffe7363d000 	C:\WINDOWS\SYSTEM32\DSPARSE.dll
0x00007ffe67bc0000 - 0x00007ffe67bcb000 	C:\Windows\System32\rasadhlp.dll
0x00007ffe6adb0000 - 0x00007ffe6ae36000 	C:\WINDOWS\System32\fwpuclnt.dll
0x00007ffe54950000 - 0x00007ffe54959000 	C:\Users\mdsrk\.vscode\extensions\redhat.java-1.55.0-win32-x64\jre\21.0.11-win32-x86_64\bin\extnet.dll
0x00007ffe09d90000 - 0x00007ffe09d98000 	C:\WINDOWS\system32\wshunix.dll
0x00007ffe4c050000 - 0x00007ffe4c077000 	C:\Users\mdsrk\.gradle\native\c067742578af261105cb4f569cf0c3c89f3d7b1fecec35dd04571415982c5e48\windows-amd64-min\native-platform.dll

JVMTI agents:
c:\Users\mdsrk\.vscode\extensions\redhat.java-1.55.0-win32-x64\lombok\lombok-1.18.39-4050.jar path:c:\Users\mdsrk\.vscode\extensions\redhat.java-1.55.0-win32-x64\jre\21.0.11-win32-x86_64\bin\instrument.dll, loaded, initialized, instrumentlib options:none

dbghelp: loaded successfully - version: 4.0.5 - missing functions: none
symbol engine: initialized successfully - sym options: 0x614 - pdb path: .;c:\Users\mdsrk\.vscode\extensions\redhat.java-1.55.0-win32-x64\jre\21.0.11-win32-x86_64\bin;C:\WINDOWS\SYSTEM32;C:\WINDOWS\WinSxS\amd64_microsoft.windows.common-controls_6595b64144ccf1df_6.0.26100.8737_none_3e092eaee333b772;c:\Users\mdsrk\.vscode\extensions\redhat.java-1.55.0-win32-x64\jre\21.0.11-win32-x86_64\bin\server;C:\Users\mdsrk\AppData\Roaming\Code\User\globalStorage\redhat.java\1.55.0\config_win\org.eclipse.equinox.launcher\org.eclipse.equinox.launcher.win32.win32.x86_64_1.3.100.v20260613-0559;C:\Users\mdsrk\AppData\Local\Temp\jna-103757045;C:\Users\mdsrk\.gradle\native\c067742578af261105cb4f569cf0c3c89f3d7b1fecec35dd04571415982c5e48\windows-amd64;C:\Users\mdsrk\.gradle\native\c067742578af261105cb4f569cf0c3c89f3d7b1fecec35dd04571415982c5e48\windows-amd64-min

VM Arguments:
jvm_args: --add-modules=ALL-SYSTEM --add-opens=java.base/java.util=ALL-UNNAMED --add-opens=java.base/java.lang=ALL-UNNAMED --add-opens=java.base/sun.nio.fs=ALL-UNNAMED -Declipse.application=org.eclipse.jdt.ls.core.id1 -Dosgi.bundles.defaultStartLevel=4 -Declipse.product=org.eclipse.jdt.ls.core.product -Djava.import.generatesMetadataFilesAtProjectRoot=false -DDetectVMInstallationsJob.disabled=true -Dfile.encoding=utf8 -XX:+UseParallelGC -XX:GCTimeRatio=4 -XX:AdaptiveSizePolicyWeight=90 -Dsun.zip.disableMemoryMapping=true -Xmx2G -Xms100m -Xlog:disable -javaagent:c:\Users\mdsrk\.vscode\extensions\redhat.java-1.55.0-win32-x64\lombok\lombok-1.18.39-4050.jar -XX:+HeapDumpOnOutOfMemoryError -XX:HeapDumpPath=c:\Users\mdsrk\AppData\Roaming\Code\User\workspaceStorage\617f3241d25a36beffd6a6b6e2483d58\redhat.java -Daether.dependencyCollector.impl=bf 
java_command: c:\Users\mdsrk\.vscode\extensions\redhat.java-1.55.0-win32-x64\server\plugins\org.eclipse.equinox.launcher_1.7.200.v20260619-2039.jar -configuration c:\Users\mdsrk\AppData\Roaming\Code\User\globalStorage\redhat.java\1.55.0\config_win -data c:\Users\mdsrk\AppData\Roaming\Code\User\workspaceStorage\617f3241d25a36beffd6a6b6e2483d58\redhat.java\jdt_ws --pipe=\\.\pipe\lsp-7dbdfea6fddc1fab2cc5e52bfa5ed01d-sock
java_class_path (initial): c:\Users\mdsrk\.vscode\extensions\redhat.java-1.55.0-win32-x64\server\plugins\org.eclipse.equinox.launcher_1.7.200.v20260619-2039.jar
Launcher Type: SUN_STANDARD

[Global flags]
    uintx AdaptiveSizePolicyWeight                 = 90                                        {product} {command line}
     intx CICompilerCount                          = 4                                         {product} {ergonomic}
    uintx GCTimeRatio                              = 4                                         {product} {command line}
     bool HeapDumpOnOutOfMemoryError               = true                                   {manageable} {command line}
    ccstr HeapDumpPath                             = c:\Users\mdsrk\AppData\Roaming\Code\User\workspaceStorage\617f3241d25a36beffd6a6b6e2483d58\redhat.java         {manageable} {command line}
   size_t InitialHeapSize                          = 104857600                                 {product} {command line}
   size_t MaxHeapSize                              = 2147483648                                {product} {command line}
   size_t MaxNewSize                               = 715653120                                 {product} {ergonomic}
   size_t MinHeapDeltaBytes                        = 524288                                    {product} {ergonomic}
   size_t MinHeapSize                              = 104857600                                 {product} {command line}
   size_t NewSize                                  = 34603008                                  {product} {ergonomic}
    uintx NonNMethodCodeHeapSize                   = 5839372                                {pd product} {ergonomic}
    uintx NonProfiledCodeHeapSize                  = 122909434                              {pd product} {ergonomic}
   size_t OldSize                                  = 70254592                                  {product} {ergonomic}
    uintx ProfiledCodeHeapSize                     = 122909434                              {pd product} {ergonomic}
    uintx ReservedCodeCacheSize                    = 251658240                              {pd product} {ergonomic}
     bool SegmentedCodeCache                       = true                                      {product} {ergonomic}
   size_t SoftMaxHeapSize                          = 2147483648                             {manageable} {ergonomic}
     bool UseCompressedOops                        = true                           {product lp64_product} {ergonomic}
     bool UseLargePagesIndividualAllocation        = false                                  {pd product} {ergonomic}
     bool UseParallelGC                            = true                                      {product} {command line}

Logging:
Log output configuration:
 #0: stdout all=off uptime,level,tags foldmultilines=false
 #1: stderr all=off uptime,level,tags foldmultilines=false

Release file:
JAVA_VERSION="21.0.11" 
MODULES="java.base java.compiler java.datatransfer java.xml java.prefs java.desktop java.instrument java.logging java.management java.security.sasl java.naming java.rmi java.management.rmi java.net.http java.scripting java.security.jgss java.transaction.xa java.sql java.sql.rowset java.xml.crypto java.se java.smartcardio jdk.accessibility jdk.internal.jvmstat jdk.attach jdk.charsets jdk.internal.opt jdk.zipfs jdk.compiler jdk.crypto.ec jdk.crypto.cryptoki jdk.crypto.mscapi jdk.dynalink jdk.internal.ed jdk.editpad jdk.hotspot.agent jdk.httpserver jdk.internal.le jdk.internal.vm.ci jdk.internal.vm.compiler jdk.internal.vm.compiler.management jdk.jartool jdk.javadoc jdk.jcmd jdk.management jdk.management.agent jdk.jconsole jdk.jdeps jdk.jdwp.agent jdk.jdi jdk.jfr jdk.jshell jdk.jsobject jdk.jstatd jdk.localedata jdk.management.jfr jdk.naming.dns jdk.naming.rmi jdk.net jdk.nio.mapmode jdk.random jdk.sctp jdk.security.auth jdk.security.jgss jdk.unsupported jdk.unsupported.desktop jdk.xml.dom" 

Environment Variables:
JAVA_HOME=C:\Program Files\Eclipse Adoptium\jdk-21.0.11.10-hotspot
PATH=%JAVA_HOME%\bin;C:\WINDOWS\system32;C:\WINDOWS;C:\WINDOWS\System32\Wbem;C:\WINDOWS\System32\WindowsPowerShell\v1.0\;C:\WINDOWS\System32\OpenSSH\;C:\Program Files\nodejs\;C:\Program Files\Git\cmd;C:\xampp\php;C:\ProgramData\ComposerSetup\bin;C:\Program Files\MongoDB\Server\8.0\bin;C:\Users\mdsrk\Downloads\mongodb-database-tools-windows-x86_64-100.13.0.zip\mongodb-database-tools-windows-x86_64-100.13.0\bin;C:\Program Files\Android\Android Studio\jbr\bin;C:\Users\mdsrk\AppData\Local\Android\Sdk\platform-tools;C:\Users\mdsrk\AppData\Roaming\npm;C:\Users\mdsrk\AppData\Roaming\npm;C:\Users\mdsrk\AppData\Local\Programs\cursor\resources\app\bin;C:\Users\mdsrk\AppData\Local\Programs\Microsoft VS Code\bin;C:\Users\mdsrk\AppData\Local\Programs\Antigravity IDE\bin
USERNAME=mdsrk
OS=Windows_NT
PROCESSOR_IDENTIFIER=AMD64 Family 23 Model 104 Stepping 1, AuthenticAMD
TMP=C:\Users\mdsrk\AppData\Local\Temp
TEMP=C:\Users\mdsrk\AppData\Local\Temp




Periodic native trim disabled

---------------  S Y S T E M  ---------------

OS:
 Windows 11 , 64 bit Build 26100 (10.0.26100.8737)
OS uptime: 1 days 1:45 hours
Hyper-V role detected

CPU: total 12 (initial active 12) (12 cores per cpu, 2 threads per core) family 23 model 104 stepping 1 microcode 0x8608107, cx8, cmov, fxsr, ht, mmx, 3dnowpref, sse, sse2, sse3, ssse3, sse4a, sse4.1, sse4.2, popcnt, lzcnt, tsc, tscinvbit, avx, avx2, aes, clmul, bmi1, bmi2, adx, sha, fma, vzeroupper, clflush, clflushopt, hv, rdtscp, rdpid, f16c
Processor Information for processor 0
  Max Mhz: 2100, Current Mhz: 2100, Mhz Limit: 2100
Processor Information for processor 1
  Max Mhz: 2100, Current Mhz: 1988, Mhz Limit: 2100
Processor Information for processor 2
  Max Mhz: 2100, Current Mhz: 1988, Mhz Limit: 2100
Processor Information for processor 3
  Max Mhz: 2100, Current Mhz: 1988, Mhz Limit: 2100
Processor Information for processor 4
  Max Mhz: 2100, Current Mhz: 1988, Mhz Limit: 2100
Processor Information for processor 5
  Max Mhz: 2100, Current Mhz: 1988, Mhz Limit: 2100
Processor Information for processor 6
  Max Mhz: 2100, Current Mhz: 2100, Mhz Limit: 2100
Processor Information for processor 7
  Max Mhz: 2100, Current Mhz: 2100, Mhz Limit: 2100
Processor Information for processor 8
  Max Mhz: 2100, Current Mhz: 2100, Mhz Limit: 2100
Processor Information for processor 9
  Max Mhz: 2100, Current Mhz: 2100, Mhz Limit: 2100
Processor Information for processor 10
  Max Mhz: 2100, Current Mhz: 2100, Mhz Limit: 2100
Processor Information for processor 11
  Max Mhz: 2100, Current Mhz: 1988, Mhz Limit: 2100

Memory: 4k page, system-wide physical 14181M (454M free)
TotalPageFile size 57189M (AvailPageFile size 11M)
current process WorkingSet (physical memory assigned to process): 84M, peak: 393M
current process commit charge ("private bytes"): 454M, peak: 485M

vm_info: OpenJDK 64-Bit Server VM (21.0.11+10-LTS) for windows-amd64 JRE (21.0.11+10-LTS), built on 2026-04-21T00:00:00Z by "admin" with MS VC++ 17.12 (VS2022)

END.
